<?xml version="1.0"?>
<link_info>
   <banner>TI ARM Linker PC v5.1.1</banner>
   <copyright>Copyright (c) 1996-2013 Texas Instruments Incorporated</copyright>
   <link_time>0x53851c0e</link_time>
   <link_errors>0x0</link_errors>
   <output_file>sd-card.out</output_file>
   <entry_point>
      <name>_c_int00</name>
      <address>0x1e01</address>
   </entry_point>
   <input_file_list>
      <input_file id="fl-2">
         <path>.\utils\</path>
         <kind>object</kind>
         <file>uartstdio.obj</file>
         <name>uartstdio.obj</name>
      </input_file>
      <input_file id="fl-3">
         <path>.\utils\</path>
         <kind>object</kind>
         <file>cmdline.obj</file>
         <name>cmdline.obj</name>
      </input_file>
      <input_file id="fl-4">
         <path>.\</path>
         <kind>object</kind>
         <file>startup_ccs.obj</file>
         <name>startup_ccs.obj</name>
      </input_file>
      <input_file id="fl-5">
         <path>.\</path>
         <kind>object</kind>
         <file>sd-card.obj</file>
         <name>sd-card.obj</name>
      </input_file>
      <input_file id="fl-6">
         <path>.\</path>
         <kind>object</kind>
         <file>mmc-tm4c123g.obj</file>
         <name>mmc-tm4c123g.obj</name>
      </input_file>
      <input_file id="fl-7">
         <path>.\</path>
         <kind>object</kind>
         <file>ff.obj</file>
         <name>ff.obj</name>
      </input_file>
      <input_file id="fl-135">
         <path>C:\ti\ccsv5\tools\compiler\arm_5.1.1\lib\</path>
         <kind>archive</kind>
         <file>rtsv7M4_T_le_v4SPD16_eabi.lib</file>
         <name>boot.obj</name>
      </input_file>
      <input_file id="fl-136">
         <path>C:\ti\ccsv5\tools\compiler\arm_5.1.1\lib\</path>
         <kind>archive</kind>
         <file>rtsv7M4_T_le_v4SPD16_eabi.lib</file>
         <name>copy_decompress_none.obj</name>
      </input_file>
      <input_file id="fl-137">
         <path>C:\ti\ccsv5\tools\compiler\arm_5.1.1\lib\</path>
         <kind>archive</kind>
         <file>rtsv7M4_T_le_v4SPD16_eabi.lib</file>
         <name>copy_decompress_rle.obj</name>
      </input_file>
      <input_file id="fl-138">
         <path>C:\ti\ccsv5\tools\compiler\arm_5.1.1\lib\</path>
         <kind>archive</kind>
         <file>rtsv7M4_T_le_v4SPD16_eabi.lib</file>
         <name>copy_zero_init.obj</name>
      </input_file>
      <input_file id="fl-139">
         <path>C:\ti\ccsv5\tools\compiler\arm_5.1.1\lib\</path>
         <kind>archive</kind>
         <file>rtsv7M4_T_le_v4SPD16_eabi.lib</file>
         <name>exit.obj</name>
      </input_file>
      <input_file id="fl-13a">
         <path>C:\ti\ccsv5\tools\compiler\arm_5.1.1\lib\</path>
         <kind>archive</kind>
         <file>rtsv7M4_T_le_v4SPD16_eabi.lib</file>
         <name>memcpy_t2.obj</name>
      </input_file>
      <input_file id="fl-13b">
         <path>C:\ti\ccsv5\tools\compiler\arm_5.1.1\lib\</path>
         <kind>archive</kind>
         <file>rtsv7M4_T_le_v4SPD16_eabi.lib</file>
         <name>stkdepth_vars.obj</name>
      </input_file>
      <input_file id="fl-13c">
         <path>C:\ti\ccsv5\tools\compiler\arm_5.1.1\lib\</path>
         <kind>archive</kind>
         <file>rtsv7M4_T_le_v4SPD16_eabi.lib</file>
         <name>strcmp.obj</name>
      </input_file>
      <input_file id="fl-13d">
         <path>C:\ti\ccsv5\tools\compiler\arm_5.1.1\lib\</path>
         <kind>archive</kind>
         <file>rtsv7M4_T_le_v4SPD16_eabi.lib</file>
         <name>strlen.obj</name>
      </input_file>
      <input_file id="fl-13e">
         <path>C:\ti\ccsv5\tools\compiler\arm_5.1.1\lib\</path>
         <kind>archive</kind>
         <file>rtsv7M4_T_le_v4SPD16_eabi.lib</file>
         <name>u_divt2.obj</name>
      </input_file>
      <input_file id="fl-13f">
         <path>C:\ti\ccsv5\tools\compiler\arm_5.1.1\lib\</path>
         <kind>archive</kind>
         <file>rtsv7M4_T_le_v4SPD16_eabi.lib</file>
         <name>_lock.obj</name>
      </input_file>
      <input_file id="fl-140">
         <path>C:\ti\ccsv5\tools\compiler\arm_5.1.1\lib\</path>
         <kind>archive</kind>
         <file>rtsv7M4_T_le_v4SPD16_eabi.lib</file>
         <name>args_main.obj</name>
      </input_file>
      <input_file id="fl-141">
         <path>C:\ti\ccsv5\tools\compiler\arm_5.1.1\lib\</path>
         <kind>archive</kind>
         <file>rtsv7M4_T_le_v4SPD16_eabi.lib</file>
         <name>auto_init.obj</name>
      </input_file>
      <input_file id="fl-142">
         <path>C:\ti\ccsv5\tools\compiler\arm_5.1.1\lib\</path>
         <kind>archive</kind>
         <file>rtsv7M4_T_le_v4SPD16_eabi.lib</file>
         <name>cpy_tbl.obj</name>
      </input_file>
      <input_file id="fl-143">
         <path>C:\ti\TivaWare_C_Series-1.1\examples\boards\ek-tm4c123gxl\project0\ccs\..\..\..\..\..\driverlib\ccs\Debug\</path>
         <kind>archive</kind>
         <file>driverlib.lib</file>
         <name>systick.obj</name>
      </input_file>
      <input_file id="fl-144">
         <path>C:\ti\TivaWare_C_Series-1.1\examples\boards\ek-tm4c123gxl\project0\ccs\..\..\..\..\..\driverlib\ccs\Debug\</path>
         <kind>archive</kind>
         <file>driverlib.lib</file>
         <name>sysctl.obj</name>
      </input_file>
      <input_file id="fl-145">
         <path>C:\ti\TivaWare_C_Series-1.1\examples\boards\ek-tm4c123gxl\project0\ccs\..\..\..\..\..\driverlib\ccs\Debug\</path>
         <kind>archive</kind>
         <file>driverlib.lib</file>
         <name>interrupt.obj</name>
      </input_file>
      <input_file id="fl-146">
         <path>C:\ti\TivaWare_C_Series-1.1\examples\boards\ek-tm4c123gxl\project0\ccs\..\..\..\..\..\driverlib\ccs\Debug\</path>
         <kind>archive</kind>
         <file>driverlib.lib</file>
         <name>cpu.obj</name>
      </input_file>
   </input_file_list>
   <object_component_list>
      <object_component id="oc-e">
         <name>.intvecs</name>
         <load_address>0x0</load_address>
         <run_address>0x0</run_address>
         <size>0x26c</size>
         <input_file_ref idref="fl-4"/>
      </object_component>
      <object_component id="oc-125">
         <name>.text:chk_mounted</name>
         <load_address>0x26c</load_address>
         <run_address>0x26c</run_address>
         <size>0x300</size>
         <input_file_ref idref="fl-7"/>
      </object_component>
      <object_component id="oc-119">
         <name>.text:UARTvprintf</name>
         <load_address>0x56c</load_address>
         <run_address>0x56c</run_address>
         <size>0x1ea</size>
         <input_file_ref idref="fl-2"/>
      </object_component>
      <object_component id="oc-2e">
         <name>.text:FaultISR</name>
         <load_address>0x756</load_address>
         <run_address>0x756</run_address>
         <size>0x2</size>
         <input_file_ref idref="fl-4"/>
      </object_component>
      <object_component id="oc-80">
         <name>.text:main</name>
         <load_address>0x758</load_address>
         <run_address>0x758</run_address>
         <size>0x1a0</size>
         <input_file_ref idref="fl-5"/>
      </object_component>
      <object_component id="oc-c6">
         <name>.text:f_write</name>
         <load_address>0x8f8</load_address>
         <run_address>0x8f8</run_address>
         <size>0x190</size>
         <input_file_ref idref="fl-7"/>
      </object_component>
      <object_component id="oc-2a5">
         <name>.text:disk_ioctl</name>
         <load_address>0xa88</load_address>
         <run_address>0xa88</run_address>
         <size>0x154</size>
         <input_file_ref idref="fl-6"/>
      </object_component>
      <object_component id="oc-bc">
         <name>.text:f_open</name>
         <load_address>0xbdc</load_address>
         <run_address>0xbdc</run_address>
         <size>0x14a</size>
         <input_file_ref idref="fl-7"/>
      </object_component>
      <object_component id="oc-33">
         <name>.text:IntDefaultHandler</name>
         <load_address>0xd26</load_address>
         <run_address>0xd26</run_address>
         <size>0x2</size>
         <input_file_ref idref="fl-4"/>
      </object_component>
      <object_component id="oc-1d5">
         <name>.text:disk_initialize</name>
         <load_address>0xd28</load_address>
         <run_address>0xd28</run_address>
         <size>0x140</size>
         <input_file_ref idref="fl-6"/>
      </object_component>
      <object_component id="oc-1e2">
         <name>.text:create_name</name>
         <load_address>0xe68</load_address>
         <run_address>0xe68</run_address>
         <size>0x123</size>
         <input_file_ref idref="fl-7"/>
      </object_component>
      <object_component id="oc-27e">
         <name>.text:dir_next</name>
         <load_address>0xf8c</load_address>
         <run_address>0xf8c</run_address>
         <size>0xfa</size>
         <input_file_ref idref="fl-7"/>
      </object_component>
      <object_component id="oc-29">
         <name>.text:NmiSR</name>
         <load_address>0x1086</load_address>
         <run_address>0x1086</run_address>
         <size>0x2</size>
         <input_file_ref idref="fl-4"/>
      </object_component>
      <object_component id="oc-25b">
         <name>.text:power_on</name>
         <load_address>0x1088</load_address>
         <run_address>0x1088</run_address>
         <size>0xdc</size>
         <input_file_ref idref="fl-6"/>
      </object_component>
      <object_component id="oc-200">
         <name>.text:put_fat</name>
         <load_address>0x1164</load_address>
         <run_address>0x1164</run_address>
         <size>0xdc</size>
         <input_file_ref idref="fl-7"/>
      </object_component>
      <object_component id="oc-205">
         <name>.text:get_fat</name>
         <load_address>0x1240</load_address>
         <run_address>0x1240</run_address>
         <size>0xcc</size>
         <input_file_ref idref="fl-7"/>
      </object_component>
      <object_component id="oc-101">
         <name>.text:SysCtlClockGet</name>
         <load_address>0x130c</load_address>
         <run_address>0x130c</run_address>
         <size>0xc0</size>
         <input_file_ref idref="fl-144"/>
      </object_component>
      <object_component id="oc-241">
         <name>.text:sync_fs</name>
         <load_address>0x13cc</load_address>
         <run_address>0x13cc</run_address>
         <size>0xbe</size>
         <input_file_ref idref="fl-7"/>
      </object_component>
      <object_component id="oc-15a">
         <name>.text:disk_write</name>
         <load_address>0x148c</load_address>
         <run_address>0x148c</run_address>
         <size>0xbc</size>
         <input_file_ref idref="fl-6"/>
      </object_component>
      <object_component id="oc-4c">
         <name>.text</name>
         <load_address>0x1548</load_address>
         <run_address>0x1548</run_address>
         <size>0x9c</size>
         <input_file_ref idref="fl-13a"/>
      </object_component>
      <object_component id="oc-155">
         <name>.text:create_chain</name>
         <load_address>0x15e4</load_address>
         <run_address>0x15e4</run_address>
         <size>0x98</size>
         <input_file_ref idref="fl-7"/>
      </object_component>
      <object_component id="oc-16f">
         <name>.text:f_sync</name>
         <load_address>0x167c</load_address>
         <run_address>0x167c</run_address>
         <size>0x96</size>
         <input_file_ref idref="fl-7"/>
      </object_component>
      <object_component id="oc-3b">
         <name>.text</name>
         <load_address>0x1714</load_address>
         <run_address>0x1714</run_address>
         <size>0x94</size>
         <input_file_ref idref="fl-141"/>
      </object_component>
      <object_component id="oc-164">
         <name>.text:disk_read</name>
         <load_address>0x17a8</load_address>
         <run_address>0x17a8</run_address>
         <size>0x90</size>
         <input_file_ref idref="fl-6"/>
      </object_component>
      <object_component id="oc-1ec">
         <name>.text:dir_sdi</name>
         <load_address>0x1838</load_address>
         <run_address>0x1838</run_address>
         <size>0x7c</size>
         <input_file_ref idref="fl-7"/>
      </object_component>
      <object_component id="oc-1da">
         <name>.text:check_fs</name>
         <load_address>0x18b4</load_address>
         <run_address>0x18b4</run_address>
         <size>0x74</size>
         <input_file_ref idref="fl-7"/>
      </object_component>
      <object_component id="oc-ad">
         <name>.text:_Z9uart_initv</name>
         <load_address>0x1928</load_address>
         <run_address>0x1928</run_address>
         <size>0x68</size>
         <input_file_ref idref="fl-5"/>
      </object_component>
      <object_component id="oc-143">
         <name>.text:remove_chain</name>
         <load_address>0x1990</load_address>
         <run_address>0x1990</run_address>
         <size>0x64</size>
         <input_file_ref idref="fl-7"/>
      </object_component>
      <object_component id="oc-12a">
         <name>.text:follow_path</name>
         <load_address>0x19f4</load_address>
         <run_address>0x19f4</run_address>
         <size>0x62</size>
         <input_file_ref idref="fl-7"/>
      </object_component>
      <object_component id="oc-21a">
         <name>.text:send_cmd</name>
         <load_address>0x1a56</load_address>
         <run_address>0x1a56</run_address>
         <size>0x62</size>
         <input_file_ref idref="fl-6"/>
      </object_component>
      <object_component id="oc-106">
         <name>.text:UARTStdioConfig</name>
         <load_address>0x1ab8</load_address>
         <run_address>0x1ab8</run_address>
         <size>0x60</size>
         <input_file_ref idref="fl-2"/>
      </object_component>
      <object_component id="oc-260">
         <name>.text:send_initial_clock_train</name>
         <load_address>0x1b18</load_address>
         <run_address>0x1b18</run_address>
         <size>0x60</size>
         <input_file_ref idref="fl-6"/>
      </object_component>
      <object_component id="oc-5e">
         <name>.text</name>
         <load_address>0x1b78</load_address>
         <run_address>0x1b78</run_address>
         <size>0x5e</size>
         <input_file_ref idref="fl-137"/>
      </object_component>
      <object_component id="oc-26a">
         <name>.text:set_max_speed</name>
         <load_address>0x1bd8</load_address>
         <run_address>0x1bd8</run_address>
         <size>0x54</size>
         <input_file_ref idref="fl-6"/>
      </object_component>
      <object_component id="oc-20b">
         <name>.text:sync_window</name>
         <load_address>0x1c2c</load_address>
         <run_address>0x1c2c</run_address>
         <size>0x54</size>
         <input_file_ref idref="fl-7"/>
      </object_component>
      <object_component id="oc-21f">
         <name>.text:xmit_datablock</name>
         <load_address>0x1c80</load_address>
         <run_address>0x1c80</run_address>
         <size>0x52</size>
         <input_file_ref idref="fl-6"/>
      </object_component>
      <object_component id="oc-a3">
         <name>.text:_Z13test_functionv</name>
         <load_address>0x1cd4</load_address>
         <run_address>0x1cd4</run_address>
         <size>0x50</size>
         <input_file_ref idref="fl-5"/>
      </object_component>
      <object_component id="oc-1e7">
         <name>.text:dir_find</name>
         <load_address>0x1d24</load_address>
         <run_address>0x1d24</run_address>
         <size>0x4a</size>
         <input_file_ref idref="fl-7"/>
      </object_component>
      <object_component id="oc-1c4">
         <name>.text:UARTwrite</name>
         <load_address>0x1d70</load_address>
         <run_address>0x1d70</run_address>
         <size>0x48</size>
         <input_file_ref idref="fl-2"/>
      </object_component>
      <object_component id="oc-234">
         <name>.text:rcvr_datablock</name>
         <load_address>0x1db8</load_address>
         <run_address>0x1db8</run_address>
         <size>0x48</size>
         <input_file_ref idref="fl-6"/>
      </object_component>
      <object_component id="oc-10">
         <name>.text</name>
         <load_address>0x1e00</load_address>
         <run_address>0x1e00</run_address>
         <size>0x48</size>
         <input_file_ref idref="fl-135"/>
      </object_component>
      <object_component id="oc-7a">
         <name>.text</name>
         <load_address>0x1e48</load_address>
         <run_address>0x1e48</run_address>
         <size>0x44</size>
         <input_file_ref idref="fl-142"/>
      </object_component>
      <object_component id="oc-44">
         <name>.text</name>
         <load_address>0x1e8c</load_address>
         <run_address>0x1e8c</run_address>
         <size>0x44</size>
         <input_file_ref idref="fl-139"/>
      </object_component>
      <object_component id="oc-1c9">
         <name>.text</name>
         <load_address>0x1ed0</load_address>
         <run_address>0x1ed0</run_address>
         <size>0x42</size>
         <input_file_ref idref="fl-13e"/>
      </object_component>
      <object_component id="oc-1f2">
         <name>.text:dir_alloc</name>
         <load_address>0x1f12</load_address>
         <run_address>0x1f12</run_address>
         <size>0x3e</size>
         <input_file_ref idref="fl-7"/>
      </object_component>
      <object_component id="oc-12f">
         <name>.text:dir_register</name>
         <load_address>0x1f50</load_address>
         <run_address>0x1f50</run_address>
         <size>0x38</size>
         <input_file_ref idref="fl-7"/>
      </object_component>
      <object_component id="oc-fa">
         <name>.text:IntRegister</name>
         <load_address>0x1f88</load_address>
         <run_address>0x1f88</run_address>
         <size>0x34</size>
         <input_file_ref idref="fl-145"/>
      </object_component>
      <object_component id="oc-239">
         <name>.text:send_cmd12</name>
         <load_address>0x1fbc</load_address>
         <run_address>0x1fbc</run_address>
         <size>0x32</size>
         <input_file_ref idref="fl-6"/>
      </object_component>
      <object_component id="oc-148">
         <name>.text:move_window</name>
         <load_address>0x1fee</load_address>
         <run_address>0x1fee</run_address>
         <size>0x2e</size>
         <input_file_ref idref="fl-7"/>
      </object_component>
      <object_component id="oc-229">
         <name>.text:rcvr_spi</name>
         <load_address>0x201c</load_address>
         <run_address>0x201c</run_address>
         <size>0x2c</size>
         <input_file_ref idref="fl-6"/>
      </object_component>
      <object_component id="oc-b2">
         <name>.text:f_mount</name>
         <load_address>0x2048</load_address>
         <run_address>0x2048</run_address>
         <size>0x28</size>
         <input_file_ref idref="fl-7"/>
      </object_component>
      <object_component id="oc-150">
         <name>.text:validate</name>
         <load_address>0x2070</load_address>
         <run_address>0x2070</run_address>
         <size>0x28</size>
         <input_file_ref idref="fl-7"/>
      </object_component>
      <object_component id="oc-175">
         <name>.text:disk_timerproc</name>
         <load_address>0x2098</load_address>
         <run_address>0x2098</run_address>
         <size>0x24</size>
         <input_file_ref idref="fl-6"/>
      </object_component>
      <object_component id="oc-290">
         <name>.text:xmit_spi</name>
         <load_address>0x20bc</load_address>
         <run_address>0x20bc</run_address>
         <size>0x24</size>
         <input_file_ref idref="fl-6"/>
      </object_component>
      <object_component id="oc-28b">
         <name>.text:wait_ready</name>
         <load_address>0x20e0</load_address>
         <run_address>0x20e0</run_address>
         <size>0x20</size>
         <input_file_ref idref="fl-6"/>
      </object_component>
      <object_component id="oc-139">
         <name>.text:ld_clust</name>
         <load_address>0x2100</load_address>
         <run_address>0x2100</run_address>
         <size>0x1e</size>
         <input_file_ref idref="fl-7"/>
      </object_component>
      <object_component id="oc-224">
         <name>.text:DESELECT</name>
         <load_address>0x2120</load_address>
         <run_address>0x2120</run_address>
         <size>0x1c</size>
         <input_file_ref idref="fl-6"/>
      </object_component>
      <object_component id="oc-215">
         <name>.text:SELECT</name>
         <load_address>0x213c</load_address>
         <run_address>0x213c</run_address>
         <size>0x1c</size>
         <input_file_ref idref="fl-6"/>
      </object_component>
      <object_component id="oc-a8">
         <name>.text:SysTickIntRegister</name>
         <load_address>0x2158</load_address>
         <run_address>0x2158</run_address>
         <size>0x1c</size>
         <input_file_ref idref="fl-143"/>
      </object_component>
      <object_component id="oc-279">
         <name>.text:mem_cmp</name>
         <load_address>0x2174</load_address>
         <run_address>0x2174</run_address>
         <size>0x1c</size>
         <input_file_ref idref="fl-7"/>
      </object_component>
      <object_component id="oc-b7">
         <name>.text:UARTprintf</name>
         <load_address>0x2190</load_address>
         <run_address>0x2190</run_address>
         <size>0x1a</size>
         <input_file_ref idref="fl-2"/>
      </object_component>
      <object_component id="oc-d0">
         <name>.text:_Z14SysTickHandlerv</name>
         <load_address>0x21aa</load_address>
         <run_address>0x21aa</run_address>
         <size>0x18</size>
         <input_file_ref idref="fl-5"/>
      </object_component>
      <object_component id="oc-15f">
         <name>.text:clust2sect</name>
         <load_address>0x21c2</load_address>
         <run_address>0x21c2</run_address>
         <size>0x18</size>
         <input_file_ref idref="fl-7"/>
      </object_component>
      <object_component id="oc-3f">
         <name>.text</name>
         <load_address>0x21dc</load_address>
         <run_address>0x21dc</run_address>
         <size>0x18</size>
         <input_file_ref idref="fl-140"/>
      </object_component>
      <object_component id="oc-e6">
         <name>.text</name>
         <load_address>0x21f4</load_address>
         <run_address>0x21f4</run_address>
         <size>0x14</size>
         <input_file_ref idref="fl-13f"/>
      </object_component>
      <object_component id="oc-c1">
         <name>.text</name>
         <load_address>0x2208</load_address>
         <run_address>0x2208</run_address>
         <size>0x14</size>
         <input_file_ref idref="fl-13d"/>
      </object_component>
      <object_component id="oc-273">
         <name>.text:chk_chr</name>
         <load_address>0x221c</load_address>
         <run_address>0x221c</run_address>
         <size>0x12</size>
         <input_file_ref idref="fl-7"/>
      </object_component>
      <object_component id="oc-19">
         <name>.text:decompress:ZI</name>
         <load_address>0x222e</load_address>
         <run_address>0x222e</run_address>
         <size>0x12</size>
         <input_file_ref idref="fl-138"/>
      </object_component>
      <object_component id="oc-1d0">
         <name>.text:disk_status</name>
         <load_address>0x2240</load_address>
         <run_address>0x2240</run_address>
         <size>0x10</size>
         <input_file_ref idref="fl-6"/>
      </object_component>
      <object_component id="oc-cb">
         <name>.text:f_close</name>
         <load_address>0x2250</load_address>
         <run_address>0x2250</run_address>
         <size>0x10</size>
         <input_file_ref idref="fl-7"/>
      </object_component>
      <object_component id="oc-169">
         <name>.text:mem_cpy</name>
         <load_address>0x2260</load_address>
         <run_address>0x2260</run_address>
         <size>0x10</size>
         <input_file_ref idref="fl-7"/>
      </object_component>
      <object_component id="oc-13e">
         <name>.text:st_clust</name>
         <load_address>0x2270</load_address>
         <run_address>0x2270</run_address>
         <size>0x10</size>
         <input_file_ref idref="fl-7"/>
      </object_component>
      <object_component id="oc-14">
         <name>.text:decompress:none</name>
         <load_address>0x2280</load_address>
         <run_address>0x2280</run_address>
         <size>0xe</size>
         <input_file_ref idref="fl-136"/>
      </object_component>
      <object_component id="oc-1f7">
         <name>.text:mem_set</name>
         <load_address>0x228e</load_address>
         <run_address>0x228e</run_address>
         <size>0xe</size>
         <input_file_ref idref="fl-7"/>
      </object_component>
      <object_component id="oc-2b8">
         <name>.text:chk_power</name>
         <load_address>0x229c</load_address>
         <run_address>0x229c</run_address>
         <size>0xc</size>
         <input_file_ref idref="fl-6"/>
      </object_component>
      <object_component id="oc-265">
         <name>.text:power_off</name>
         <load_address>0x22a8</load_address>
         <run_address>0x22a8</run_address>
         <size>0xc</size>
         <input_file_ref idref="fl-6"/>
      </object_component>
      <object_component id="oc-29d">
         <name>.text:rcvr_spi_m</name>
         <load_address>0x22b4</load_address>
         <run_address>0x22b4</run_address>
         <size>0xc</size>
         <input_file_ref idref="fl-6"/>
      </object_component>
      <object_component id="oc-134">
         <name>.text:get_fattime</name>
         <load_address>0x22c0</load_address>
         <run_address>0x22c0</run_address>
         <size>0x8</size>
         <input_file_ref idref="fl-6"/>
      </object_component>
      <object_component id="oc-24">
         <name>.text:ResetISR</name>
         <load_address>0x22c8</load_address>
         <run_address>0x22c8</run_address>
         <size>0x6</size>
         <input_file_ref idref="fl-4"/>
      </object_component>
      <object_component id="oc-1e">
         <name>.text:decompress:rle24</name>
         <load_address>0x22ce</load_address>
         <run_address>0x22ce</run_address>
         <size>0x6</size>
         <input_file_ref idref="fl-137"/>
      </object_component>
      <object_component id="oc-1b4">
         <name>.const:g_pui32Xtals</name>
         <load_address>0x22d4</load_address>
         <run_address>0x22d4</run_address>
         <size>0x6c</size>
         <input_file_ref idref="fl-144"/>
      </object_component>
      <object_component id="oc-1b7">
         <name>.const</name>
         <load_address>0x2340</load_address>
         <run_address>0x2340</run_address>
         <size>0x1c</size>
         <input_file_ref idref="fl-2"/>
      </object_component>
      <object_component id="oc-251">
         <name>.const:.string</name>
         <load_address>0x235c</load_address>
         <run_address>0x235c</run_address>
         <size>0x12</size>
         <input_file_ref idref="fl-2"/>
      </object_component>
      <object_component id="oc-2dc">
         <name>.cinit..data.load</name>
         <load_address>0x2370</load_address>
         <run_address>0x2370</run_address>
         <size>0x13</size>
      </object_component>
      <object_component id="oc-2d9">
         <name>__TI_handler_table</name>
         <load_address>0x2384</load_address>
         <run_address>0x2384</run_address>
         <size>0xc</size>
      </object_component>
      <object_component id="oc-2dd">
         <name>.cinit..bss.load</name>
         <load_address>0x2390</load_address>
         <run_address>0x2390</run_address>
         <size>0x8</size>
      </object_component>
      <object_component id="oc-2db">
         <name>.cinit..vtable.load</name>
         <load_address>0x2398</load_address>
         <run_address>0x2398</run_address>
         <size>0x8</size>
      </object_component>
      <object_component id="oc-2da">
         <name>__TI_cinit_table</name>
         <load_address>0x23a0</load_address>
         <run_address>0x23a0</run_address>
         <size>0x18</size>
      </object_component>
      <object_component id="oc-1ae">
         <name>.vtable</name>
         <uninitialized>true</uninitialized>
         <run_address>0x20000000</run_address>
         <size>0x26c</size>
         <input_file_ref idref="fl-145"/>
      </object_component>
      <object_component id="oc-49">
         <name>.data</name>
         <load_address>0x200017ec</load_address>
         <run_address>0x200017ec</run_address>
         <size>0x4</size>
         <input_file_ref idref="fl-13b"/>
      </object_component>
      <object_component id="oc-87">
         <name>.data</name>
         <load_address>0x200017d4</load_address>
         <run_address>0x200017d4</run_address>
         <size>0x8</size>
         <input_file_ref idref="fl-13f"/>
      </object_component>
      <object_component id="oc-89">
         <name>.data</name>
         <load_address>0x200017dc</load_address>
         <run_address>0x200017dc</run_address>
         <size>0x8</size>
         <input_file_ref idref="fl-139"/>
      </object_component>
      <object_component id="oc-1b9">
         <name>.data</name>
         <load_address>0x200017e4</load_address>
         <run_address>0x200017e4</run_address>
         <size>0x5</size>
         <input_file_ref idref="fl-2"/>
      </object_component>
      <object_component id="oc-22e">
         <name>.data</name>
         <load_address>0x200017e9</load_address>
         <run_address>0x200017e9</run_address>
         <size>0x2</size>
         <input_file_ref idref="fl-6"/>
      </object_component>
      <object_component id="oc-d5">
         <name>.bss:fatfs</name>
         <uninitialized>true</uninitialized>
         <run_address>0x2000126c</run_address>
         <size>0x234</size>
         <input_file_ref idref="fl-5"/>
      </object_component>
      <object_component id="oc-d9">
         <name>.bss:buffer</name>
         <uninitialized>true</uninitialized>
         <run_address>0x2000026c</run_address>
         <size>0x1000</size>
         <input_file_ref idref="fl-5"/>
      </object_component>
      <object_component id="oc-db">
         <name>.bss:fil</name>
         <uninitialized>true</uninitialized>
         <run_address>0x200014a0</run_address>
         <size>0x224</size>
         <input_file_ref idref="fl-5"/>
      </object_component>
      <object_component id="oc-d7">
         <name>.common:rc</name>
         <uninitialized>true</uninitialized>
         <run_address>0x200016d1</run_address>
         <size>0x1</size>
      </object_component>
      <object_component id="oc-dd">
         <name>.common:bw</name>
         <uninitialized>true</uninitialized>
         <run_address>0x200016c8</run_address>
         <size>0x4</size>
      </object_component>
      <object_component id="oc-2a2">
         <name>.common:Timer1</name>
         <uninitialized>true</uninitialized>
         <run_address>0x200016cf</run_address>
         <size>0x1</size>
      </object_component>
      <object_component id="oc-2b4">
         <name>.common:Timer2</name>
         <uninitialized>true</uninitialized>
         <run_address>0x200016d0</run_address>
         <size>0x1</size>
      </object_component>
      <object_component id="oc-270">
         <name>.common:CardType</name>
         <uninitialized>true</uninitialized>
         <run_address>0x200016ce</run_address>
         <size>0x1</size>
      </object_component>
      <object_component id="oc-1df">
         <name>.common:FatFs</name>
         <uninitialized>true</uninitialized>
         <run_address>0x200016c4</run_address>
         <size>0x4</size>
      </object_component>
      <object_component id="oc-1e0">
         <name>.common:Fsid</name>
         <uninitialized>true</uninitialized>
         <run_address>0x200016cc</run_address>
         <size>0x2</size>
      </object_component>
      <object_component id="oc-23">
         <name>.stack</name>
         <uninitialized>true</uninitialized>
         <run_address>0x200016d4</run_address>
         <size>0x0</size>
         <input_file_ref idref="fl-135"/>
      </object_component>
      <object_component id="oc-2de">
         <name>.stack</name>
         <uninitialized>true</uninitialized>
         <run_address>0x200016d4</run_address>
         <size>0x0</size>
      </object_component>
      <object_component id="oc-f">
         <name>.debug_info</name>
         <load_address>0x0</load_address>
         <run_address>0x0</run_address>
         <size>0xee</size>
         <input_file_ref idref="fl-4"/>
      </object_component>
      <object_component id="oc-11">
         <name>.debug_info</name>
         <load_address>0xee</load_address>
         <run_address>0xee</run_address>
         <size>0xf3</size>
         <input_file_ref idref="fl-135"/>
      </object_component>
      <object_component id="oc-17">
         <name>.debug_info</name>
         <load_address>0x1e1</load_address>
         <run_address>0x1e1</run_address>
         <size>0x194</size>
         <input_file_ref idref="fl-136"/>
      </object_component>
      <object_component id="oc-1c">
         <name>.debug_info</name>
         <load_address>0x375</load_address>
         <run_address>0x375</run_address>
         <size>0x16a</size>
         <input_file_ref idref="fl-138"/>
      </object_component>
      <object_component id="oc-20">
         <name>.debug_info</name>
         <load_address>0x4df</load_address>
         <run_address>0x4df</run_address>
         <size>0x18e</size>
         <input_file_ref idref="fl-137"/>
      </object_component>
      <object_component id="oc-25">
         <name>.debug_info</name>
         <load_address>0x66d</load_address>
         <run_address>0x66d</run_address>
         <size>0x11e</size>
         <input_file_ref idref="fl-4"/>
      </object_component>
      <object_component id="oc-2a">
         <name>.debug_info</name>
         <load_address>0x78b</load_address>
         <run_address>0x78b</run_address>
         <size>0x10d</size>
         <input_file_ref idref="fl-4"/>
      </object_component>
      <object_component id="oc-2f">
         <name>.debug_info</name>
         <load_address>0x898</load_address>
         <run_address>0x898</run_address>
         <size>0x115</size>
         <input_file_ref idref="fl-4"/>
      </object_component>
      <object_component id="oc-34">
         <name>.debug_info</name>
         <load_address>0x9ad</load_address>
         <run_address>0x9ad</run_address>
         <size>0x127</size>
         <input_file_ref idref="fl-4"/>
      </object_component>
      <object_component id="oc-3a">
         <name>.debug_info</name>
         <load_address>0xad4</load_address>
         <run_address>0xad4</run_address>
         <size>0x109</size>
         <input_file_ref idref="fl-4"/>
      </object_component>
      <object_component id="oc-3d">
         <name>.debug_info</name>
         <load_address>0xbdd</load_address>
         <run_address>0xbdd</run_address>
         <size>0x13d</size>
         <input_file_ref idref="fl-141"/>
      </object_component>
      <object_component id="oc-40">
         <name>.debug_info</name>
         <load_address>0xd1a</load_address>
         <run_address>0xd1a</run_address>
         <size>0x11c</size>
         <input_file_ref idref="fl-140"/>
      </object_component>
      <object_component id="oc-45">
         <name>.debug_info</name>
         <load_address>0xe36</load_address>
         <run_address>0xe36</run_address>
         <size>0x1c2</size>
         <input_file_ref idref="fl-139"/>
      </object_component>
      <object_component id="oc-4a">
         <name>.debug_info</name>
         <load_address>0xff8</load_address>
         <run_address>0xff8</run_address>
         <size>0xbe</size>
         <input_file_ref idref="fl-13b"/>
      </object_component>
      <object_component id="oc-4d">
         <name>.debug_info</name>
         <load_address>0x10b6</load_address>
         <run_address>0x10b6</run_address>
         <size>0xcc</size>
         <input_file_ref idref="fl-13a"/>
      </object_component>
      <object_component id="oc-51">
         <name>.debug_info</name>
         <load_address>0x1182</load_address>
         <run_address>0x1182</run_address>
         <size>0x46</size>
         <input_file_ref idref="fl-136"/>
      </object_component>
      <object_component id="oc-56">
         <name>.debug_info</name>
         <load_address>0x11c8</load_address>
         <run_address>0x11c8</run_address>
         <size>0xf2</size>
         <input_file_ref idref="fl-136"/>
      </object_component>
      <object_component id="oc-58">
         <name>.debug_info</name>
         <load_address>0x12ba</load_address>
         <run_address>0x12ba</run_address>
         <size>0x46</size>
         <input_file_ref idref="fl-138"/>
      </object_component>
      <object_component id="oc-5d">
         <name>.debug_info</name>
         <load_address>0x1300</load_address>
         <run_address>0x1300</run_address>
         <size>0xad</size>
         <input_file_ref idref="fl-138"/>
      </object_component>
      <object_component id="oc-60">
         <name>.debug_info</name>
         <load_address>0x13ad</load_address>
         <run_address>0x13ad</run_address>
         <size>0x1ef</size>
         <input_file_ref idref="fl-137"/>
      </object_component>
      <object_component id="oc-64">
         <name>.debug_info</name>
         <load_address>0x159c</load_address>
         <run_address>0x159c</run_address>
         <size>0xb7</size>
         <input_file_ref idref="fl-137"/>
      </object_component>
      <object_component id="oc-65">
         <name>.debug_info</name>
         <load_address>0x1653</load_address>
         <run_address>0x1653</run_address>
         <size>0x39</size>
         <input_file_ref idref="fl-137"/>
      </object_component>
      <object_component id="oc-70">
         <name>.debug_info</name>
         <load_address>0x168c</load_address>
         <run_address>0x168c</run_address>
         <size>0x84</size>
         <input_file_ref idref="fl-2"/>
      </object_component>
      <object_component id="oc-75">
         <name>.debug_info</name>
         <load_address>0x1710</load_address>
         <run_address>0x1710</run_address>
         <size>0x18b</size>
         <input_file_ref idref="fl-2"/>
      </object_component>
      <object_component id="oc-7b">
         <name>.debug_info</name>
         <load_address>0x189b</load_address>
         <run_address>0x189b</run_address>
         <size>0x14b</size>
         <input_file_ref idref="fl-142"/>
      </object_component>
      <object_component id="oc-81">
         <name>.debug_info</name>
         <load_address>0x19e6</load_address>
         <run_address>0x19e6</run_address>
         <size>0x259</size>
         <input_file_ref idref="fl-5"/>
      </object_component>
      <object_component id="oc-86">
         <name>.debug_info</name>
         <load_address>0x1c3f</load_address>
         <run_address>0x1c3f</run_address>
         <size>0x11b</size>
         <input_file_ref idref="fl-140"/>
      </object_component>
      <object_component id="oc-88">
         <name>.debug_info</name>
         <load_address>0x1d5a</load_address>
         <run_address>0x1d5a</run_address>
         <size>0xc8</size>
         <input_file_ref idref="fl-13f"/>
      </object_component>
      <object_component id="oc-8a">
         <name>.debug_info</name>
         <load_address>0x1e22</load_address>
         <run_address>0x1e22</run_address>
         <size>0xeb</size>
         <input_file_ref idref="fl-139"/>
      </object_component>
      <object_component id="oc-8c">
         <name>.debug_info</name>
         <load_address>0x1f0d</load_address>
         <run_address>0x1f0d</run_address>
         <size>0x146</size>
         <input_file_ref idref="fl-139"/>
      </object_component>
      <object_component id="oc-90">
         <name>.debug_info</name>
         <load_address>0x2053</load_address>
         <run_address>0x2053</run_address>
         <size>0x2c</size>
         <input_file_ref idref="fl-136"/>
      </object_component>
      <object_component id="oc-97">
         <name>.debug_info</name>
         <load_address>0x207f</load_address>
         <run_address>0x207f</run_address>
         <size>0x2c</size>
         <input_file_ref idref="fl-3"/>
      </object_component>
      <object_component id="oc-a2">
         <name>.debug_info</name>
         <load_address>0x20ab</load_address>
         <run_address>0x20ab</run_address>
         <size>0x148</size>
         <input_file_ref idref="fl-142"/>
      </object_component>
      <object_component id="oc-a4">
         <name>.debug_info</name>
         <load_address>0x21f3</load_address>
         <run_address>0x21f3</run_address>
         <size>0x151</size>
         <input_file_ref idref="fl-5"/>
      </object_component>
      <object_component id="oc-a9">
         <name>.debug_info</name>
         <load_address>0x2344</load_address>
         <run_address>0x2344</run_address>
         <size>0x1c3</size>
         <input_file_ref idref="fl-143"/>
      </object_component>
      <object_component id="oc-ae">
         <name>.debug_info</name>
         <load_address>0x2507</load_address>
         <run_address>0x2507</run_address>
         <size>0x173</size>
         <input_file_ref idref="fl-5"/>
      </object_component>
      <object_component id="oc-b3">
         <name>.debug_info</name>
         <load_address>0x267a</load_address>
         <run_address>0x267a</run_address>
         <size>0x140</size>
         <input_file_ref idref="fl-7"/>
      </object_component>
      <object_component id="oc-b8">
         <name>.debug_info</name>
         <load_address>0x27ba</load_address>
         <run_address>0x27ba</run_address>
         <size>0x1d6</size>
         <input_file_ref idref="fl-2"/>
      </object_component>
      <object_component id="oc-bd">
         <name>.debug_info</name>
         <load_address>0x2990</load_address>
         <run_address>0x2990</run_address>
         <size>0x263</size>
         <input_file_ref idref="fl-7"/>
      </object_component>
      <object_component id="oc-c2">
         <name>.debug_info</name>
         <load_address>0x2bf3</load_address>
         <run_address>0x2bf3</run_address>
         <size>0x153</size>
         <input_file_ref idref="fl-13d"/>
      </object_component>
      <object_component id="oc-c7">
         <name>.debug_info</name>
         <load_address>0x2d46</load_address>
         <run_address>0x2d46</run_address>
         <size>0x28b</size>
         <input_file_ref idref="fl-7"/>
      </object_component>
      <object_component id="oc-cc">
         <name>.debug_info</name>
         <load_address>0x2fd1</load_address>
         <run_address>0x2fd1</run_address>
         <size>0x13e</size>
         <input_file_ref idref="fl-7"/>
      </object_component>
      <object_component id="oc-d1">
         <name>.debug_info</name>
         <load_address>0x310f</load_address>
         <run_address>0x310f</run_address>
         <size>0x14c</size>
         <input_file_ref idref="fl-5"/>
      </object_component>
      <object_component id="oc-d6">
         <name>.debug_info</name>
         <load_address>0x325b</load_address>
         <run_address>0x325b</run_address>
         <size>0xde</size>
         <input_file_ref idref="fl-5"/>
      </object_component>
      <object_component id="oc-d8">
         <name>.debug_info</name>
         <load_address>0x3339</load_address>
         <run_address>0x3339</run_address>
         <size>0x4bb</size>
         <input_file_ref idref="fl-5"/>
      </object_component>
      <object_component id="oc-da">
         <name>.debug_info</name>
         <load_address>0x37f4</load_address>
         <run_address>0x37f4</run_address>
         <size>0xe0</size>
         <input_file_ref idref="fl-5"/>
      </object_component>
      <object_component id="oc-dc">
         <name>.debug_info</name>
         <load_address>0x38d4</load_address>
         <run_address>0x38d4</run_address>
         <size>0xda</size>
         <input_file_ref idref="fl-5"/>
      </object_component>
      <object_component id="oc-e1">
         <name>.debug_info</name>
         <load_address>0x39ae</load_address>
         <run_address>0x39ae</run_address>
         <size>0x5e</size>
         <input_file_ref idref="fl-140"/>
      </object_component>
      <object_component id="oc-e7">
         <name>.debug_info</name>
         <load_address>0x3a0c</load_address>
         <run_address>0x3a0c</run_address>
         <size>0x1d4</size>
         <input_file_ref idref="fl-13f"/>
      </object_component>
      <object_component id="oc-ed">
         <name>.debug_info</name>
         <load_address>0x3be0</load_address>
         <run_address>0x3be0</run_address>
         <size>0xd9</size>
         <input_file_ref idref="fl-13f"/>
      </object_component>
      <object_component id="oc-f4">
         <name>.debug_info</name>
         <load_address>0x3cb9</load_address>
         <run_address>0x3cb9</run_address>
         <size>0xcd</size>
         <input_file_ref idref="fl-142"/>
      </object_component>
      <object_component id="oc-fb">
         <name>.debug_info</name>
         <load_address>0x3d86</load_address>
         <run_address>0x3d86</run_address>
         <size>0x20d</size>
         <input_file_ref idref="fl-145"/>
      </object_component>
      <object_component id="oc-100">
         <name>.debug_info</name>
         <load_address>0x3f93</load_address>
         <run_address>0x3f93</run_address>
         <size>0x143</size>
         <input_file_ref idref="fl-143"/>
      </object_component>
      <object_component id="oc-102">
         <name>.debug_info</name>
         <load_address>0x40d6</load_address>
         <run_address>0x40d6</run_address>
         <size>0x1ea</size>
         <input_file_ref idref="fl-144"/>
      </object_component>
      <object_component id="oc-107">
         <name>.debug_info</name>
         <load_address>0x42c0</load_address>
         <run_address>0x42c0</run_address>
         <size>0x26c</size>
         <input_file_ref idref="fl-2"/>
      </object_component>
      <object_component id="oc-10d">
         <name>.debug_info</name>
         <load_address>0x452c</load_address>
         <run_address>0x452c</run_address>
         <size>0x32d</size>
         <input_file_ref idref="fl-7"/>
      </object_component>
      <object_component id="oc-10f">
         <name>.debug_info</name>
         <load_address>0x4859</load_address>
         <run_address>0x4859</run_address>
         <size>0x4c5</size>
         <input_file_ref idref="fl-7"/>
      </object_component>
      <object_component id="oc-114">
         <name>.debug_info</name>
         <load_address>0x4d1e</load_address>
         <run_address>0x4d1e</run_address>
         <size>0xe4</size>
         <input_file_ref idref="fl-6"/>
      </object_component>
      <object_component id="oc-11a">
         <name>.debug_info</name>
         <load_address>0x4e02</load_address>
         <run_address>0x4e02</run_address>
         <size>0x33b</size>
         <input_file_ref idref="fl-2"/>
      </object_component>
      <object_component id="oc-11f">
         <name>.debug_info</name>
         <load_address>0x513d</load_address>
         <run_address>0x513d</run_address>
         <size>0x12c</size>
         <input_file_ref idref="fl-2"/>
      </object_component>
      <object_component id="oc-120">
         <name>.debug_info</name>
         <load_address>0x5269</load_address>
         <run_address>0x5269</run_address>
         <size>0x4e</size>
         <input_file_ref idref="fl-2"/>
      </object_component>
      <object_component id="oc-126">
         <name>.debug_info</name>
         <load_address>0x52b7</load_address>
         <run_address>0x52b7</run_address>
         <size>0x2dd</size>
         <input_file_ref idref="fl-7"/>
      </object_component>
      <object_component id="oc-12b">
         <name>.debug_info</name>
         <load_address>0x5594</load_address>
         <run_address>0x5594</run_address>
         <size>0x1bb</size>
         <input_file_ref idref="fl-7"/>
      </object_component>
      <object_component id="oc-130">
         <name>.debug_info</name>
         <load_address>0x574f</load_address>
         <run_address>0x574f</run_address>
         <size>0x178</size>
         <input_file_ref idref="fl-7"/>
      </object_component>
      <object_component id="oc-135">
         <name>.debug_info</name>
         <load_address>0x58c7</load_address>
         <run_address>0x58c7</run_address>
         <size>0x12e</size>
         <input_file_ref idref="fl-6"/>
      </object_component>
      <object_component id="oc-13a">
         <name>.debug_info</name>
         <load_address>0x59f5</load_address>
         <run_address>0x59f5</run_address>
         <size>0x14e</size>
         <input_file_ref idref="fl-7"/>
      </object_component>
      <object_component id="oc-13f">
         <name>.debug_info</name>
         <load_address>0x5b43</load_address>
         <run_address>0x5b43</run_address>
         <size>0x13d</size>
         <input_file_ref idref="fl-7"/>
      </object_component>
      <object_component id="oc-144">
         <name>.debug_info</name>
         <load_address>0x5c80</load_address>
         <run_address>0x5c80</run_address>
         <size>0x187</size>
         <input_file_ref idref="fl-7"/>
      </object_component>
      <object_component id="oc-149">
         <name>.debug_info</name>
         <load_address>0x5e07</load_address>
         <run_address>0x5e07</run_address>
         <size>0x17b</size>
         <input_file_ref idref="fl-7"/>
      </object_component>
      <object_component id="oc-14f">
         <name>.debug_info</name>
         <load_address>0x5f82</load_address>
         <run_address>0x5f82</run_address>
         <size>0x9f</size>
         <input_file_ref idref="fl-13d"/>
      </object_component>
      <object_component id="oc-151">
         <name>.debug_info</name>
         <load_address>0x6021</load_address>
         <run_address>0x6021</run_address>
         <size>0x13f</size>
         <input_file_ref idref="fl-7"/>
      </object_component>
      <object_component id="oc-156">
         <name>.debug_info</name>
         <load_address>0x6160</load_address>
         <run_address>0x6160</run_address>
         <size>0x1d2</size>
         <input_file_ref idref="fl-7"/>
      </object_component>
      <object_component id="oc-15b">
         <name>.debug_info</name>
         <load_address>0x6332</load_address>
         <run_address>0x6332</run_address>
         <size>0x268</size>
         <input_file_ref idref="fl-6"/>
      </object_component>
      <object_component id="oc-160">
         <name>.debug_info</name>
         <load_address>0x659a</load_address>
         <run_address>0x659a</run_address>
         <size>0x14a</size>
         <input_file_ref idref="fl-7"/>
      </object_component>
      <object_component id="oc-165">
         <name>.debug_info</name>
         <load_address>0x66e4</load_address>
         <run_address>0x66e4</run_address>
         <size>0x244</size>
         <input_file_ref idref="fl-6"/>
      </object_component>
      <object_component id="oc-16a">
         <name>.debug_info</name>
         <load_address>0x6928</load_address>
         <run_address>0x6928</run_address>
         <size>0x173</size>
         <input_file_ref idref="fl-7"/>
      </object_component>
      <object_component id="oc-170">
         <name>.debug_info</name>
         <load_address>0x6a9b</load_address>
         <run_address>0x6a9b</run_address>
         <size>0x1ac</size>
         <input_file_ref idref="fl-7"/>
      </object_component>
      <object_component id="oc-176">
         <name>.debug_info</name>
         <load_address>0x6c47</load_address>
         <run_address>0x6c47</run_address>
         <size>0x146</size>
         <input_file_ref idref="fl-6"/>
      </object_component>
      <object_component id="oc-17d">
         <name>.debug_info</name>
         <load_address>0x6d8d</load_address>
         <run_address>0x6d8d</run_address>
         <size>0x53d</size>
         <input_file_ref idref="fl-5"/>
      </object_component>
      <object_component id="oc-184">
         <name>.debug_info</name>
         <load_address>0x72ca</load_address>
         <run_address>0x72ca</run_address>
         <size>0xd8</size>
         <input_file_ref idref="fl-5"/>
      </object_component>
      <object_component id="oc-189">
         <name>.debug_info</name>
         <load_address>0x73a2</load_address>
         <run_address>0x73a2</run_address>
         <size>0x165</size>
         <input_file_ref idref="fl-5"/>
      </object_component>
      <object_component id="oc-18e">
         <name>.debug_info</name>
         <load_address>0x7507</load_address>
         <run_address>0x7507</run_address>
         <size>0xe8</size>
         <input_file_ref idref="fl-5"/>
      </object_component>
      <object_component id="oc-193">
         <name>.debug_info</name>
         <load_address>0x75ef</load_address>
         <run_address>0x75ef</run_address>
         <size>0x67</size>
         <input_file_ref idref="fl-5"/>
      </object_component>
      <object_component id="oc-198">
         <name>.debug_info</name>
         <load_address>0x7656</load_address>
         <run_address>0x7656</run_address>
         <size>0x9c</size>
         <input_file_ref idref="fl-5"/>
      </object_component>
      <object_component id="oc-19d">
         <name>.debug_info</name>
         <load_address>0x76f2</load_address>
         <run_address>0x76f2</run_address>
         <size>0x18b</size>
         <input_file_ref idref="fl-5"/>
      </object_component>
      <object_component id="oc-1a2">
         <name>.debug_info</name>
         <load_address>0x787d</load_address>
         <run_address>0x787d</run_address>
         <size>0x2c</size>
         <input_file_ref idref="fl-5"/>
      </object_component>
      <object_component id="oc-1af">
         <name>.debug_info</name>
         <load_address>0x78a9</load_address>
         <run_address>0x78a9</run_address>
         <size>0xfd</size>
         <input_file_ref idref="fl-145"/>
      </object_component>
      <object_component id="oc-1b1">
         <name>.debug_info</name>
         <load_address>0x79a6</load_address>
         <run_address>0x79a6</run_address>
         <size>0x1b4</size>
         <input_file_ref idref="fl-145"/>
      </object_component>
      <object_component id="oc-1b5">
         <name>.debug_info</name>
         <load_address>0x7b5a</load_address>
         <run_address>0x7b5a</run_address>
         <size>0xf3</size>
         <input_file_ref idref="fl-144"/>
      </object_component>
      <object_component id="oc-1b8">
         <name>.debug_info</name>
         <load_address>0x7c4d</load_address>
         <run_address>0x7c4d</run_address>
         <size>0x164</size>
         <input_file_ref idref="fl-2"/>
      </object_component>
      <object_component id="oc-1ba">
         <name>.debug_info</name>
         <load_address>0x7db1</load_address>
         <run_address>0x7db1</run_address>
         <size>0x10e</size>
         <input_file_ref idref="fl-2"/>
      </object_component>
      <object_component id="oc-1bb">
         <name>.debug_info</name>
         <load_address>0x7ebf</load_address>
         <run_address>0x7ebf</run_address>
         <size>0x267</size>
         <input_file_ref idref="fl-2"/>
      </object_component>
      <object_component id="oc-1bf">
         <name>.debug_info</name>
         <load_address>0x8126</load_address>
         <run_address>0x8126</run_address>
         <size>0x70</size>
         <input_file_ref idref="fl-6"/>
      </object_component>
      <object_component id="oc-1c5">
         <name>.debug_info</name>
         <load_address>0x8196</load_address>
         <run_address>0x8196</run_address>
         <size>0x209</size>
         <input_file_ref idref="fl-2"/>
      </object_component>
      <object_component id="oc-1cc">
         <name>.debug_info</name>
         <load_address>0x839f</load_address>
         <run_address>0x839f</run_address>
         <size>0x137</size>
         <input_file_ref idref="fl-13e"/>
      </object_component>
      <object_component id="oc-1d1">
         <name>.debug_info</name>
         <load_address>0x84d6</load_address>
         <run_address>0x84d6</run_address>
         <size>0x14c</size>
         <input_file_ref idref="fl-6"/>
      </object_component>
      <object_component id="oc-1d6">
         <name>.debug_info</name>
         <load_address>0x8622</load_address>
         <run_address>0x8622</run_address>
         <size>0x2b1</size>
         <input_file_ref idref="fl-6"/>
      </object_component>
      <object_component id="oc-1db">
         <name>.debug_info</name>
         <load_address>0x88d3</load_address>
         <run_address>0x88d3</run_address>
         <size>0x155</size>
         <input_file_ref idref="fl-7"/>
      </object_component>
      <object_component id="oc-1e3">
         <name>.debug_info</name>
         <load_address>0x8a28</load_address>
         <run_address>0x8a28</run_address>
         <size>0x1cb</size>
         <input_file_ref idref="fl-7"/>
      </object_component>
      <object_component id="oc-1e8">
         <name>.debug_info</name>
         <load_address>0x8bf3</load_address>
         <run_address>0x8bf3</run_address>
         <size>0x17e</size>
         <input_file_ref idref="fl-7"/>
      </object_component>
      <object_component id="oc-1ed">
         <name>.debug_info</name>
         <load_address>0x8d71</load_address>
         <run_address>0x8d71</run_address>
         <size>0x182</size>
         <input_file_ref idref="fl-7"/>
      </object_component>
      <object_component id="oc-1f3">
         <name>.debug_info</name>
         <load_address>0x8ef3</load_address>
         <run_address>0x8ef3</run_address>
         <size>0x190</size>
         <input_file_ref idref="fl-7"/>
      </object_component>
      <object_component id="oc-1f8">
         <name>.debug_info</name>
         <load_address>0x9083</load_address>
         <run_address>0x9083</run_address>
         <size>0x168</size>
         <input_file_ref idref="fl-7"/>
      </object_component>
      <object_component id="oc-201">
         <name>.debug_info</name>
         <load_address>0x91eb</load_address>
         <run_address>0x91eb</run_address>
         <size>0x1e2</size>
         <input_file_ref idref="fl-7"/>
      </object_component>
      <object_component id="oc-206">
         <name>.debug_info</name>
         <load_address>0x93cd</load_address>
         <run_address>0x93cd</run_address>
         <size>0x1b1</size>
         <input_file_ref idref="fl-7"/>
      </object_component>
      <object_component id="oc-20c">
         <name>.debug_info</name>
         <load_address>0x957e</load_address>
         <run_address>0x957e</run_address>
         <size>0x15e</size>
         <input_file_ref idref="fl-7"/>
      </object_component>
      <object_component id="oc-216">
         <name>.debug_info</name>
         <load_address>0x96dc</load_address>
         <run_address>0x96dc</run_address>
         <size>0x123</size>
         <input_file_ref idref="fl-6"/>
      </object_component>
      <object_component id="oc-21b">
         <name>.debug_info</name>
         <load_address>0x97ff</load_address>
         <run_address>0x97ff</run_address>
         <size>0x211</size>
         <input_file_ref idref="fl-6"/>
      </object_component>
      <object_component id="oc-220">
         <name>.debug_info</name>
         <load_address>0x9a10</load_address>
         <run_address>0x9a10</run_address>
         <size>0x20a</size>
         <input_file_ref idref="fl-6"/>
      </object_component>
      <object_component id="oc-225">
         <name>.debug_info</name>
         <load_address>0x9c1a</load_address>
         <run_address>0x9c1a</run_address>
         <size>0x127</size>
         <input_file_ref idref="fl-6"/>
      </object_component>
      <object_component id="oc-22a">
         <name>.debug_info</name>
         <load_address>0x9d41</load_address>
         <run_address>0x9d41</run_address>
         <size>0x150</size>
         <input_file_ref idref="fl-6"/>
      </object_component>
      <object_component id="oc-22f">
         <name>.debug_info</name>
         <load_address>0x9e91</load_address>
         <run_address>0x9e91</run_address>
         <size>0x100</size>
         <input_file_ref idref="fl-6"/>
      </object_component>
      <object_component id="oc-231">
         <name>.debug_info</name>
         <load_address>0x9f91</load_address>
         <run_address>0x9f91</run_address>
         <size>0x170</size>
         <input_file_ref idref="fl-6"/>
      </object_component>
      <object_component id="oc-235">
         <name>.debug_info</name>
         <load_address>0xa101</load_address>
         <run_address>0xa101</run_address>
         <size>0x1d5</size>
         <input_file_ref idref="fl-6"/>
      </object_component>
      <object_component id="oc-23a">
         <name>.debug_info</name>
         <load_address>0xa2d6</load_address>
         <run_address>0xa2d6</run_address>
         <size>0x194</size>
         <input_file_ref idref="fl-6"/>
      </object_component>
      <object_component id="oc-242">
         <name>.debug_info</name>
         <load_address>0xa46a</load_address>
         <run_address>0xa46a</run_address>
         <size>0x172</size>
         <input_file_ref idref="fl-7"/>
      </object_component>
      <object_component id="oc-250">
         <name>.debug_info</name>
         <load_address>0xa5dc</load_address>
         <run_address>0xa5dc</run_address>
         <size>0x2a3</size>
         <input_file_ref idref="fl-144"/>
      </object_component>
      <object_component id="oc-25c">
         <name>.debug_info</name>
         <load_address>0xa87f</load_address>
         <run_address>0xa87f</run_address>
         <size>0x19a</size>
         <input_file_ref idref="fl-6"/>
      </object_component>
      <object_component id="oc-261">
         <name>.debug_info</name>
         <load_address>0xaa19</load_address>
         <run_address>0xaa19</run_address>
         <size>0x18a</size>
         <input_file_ref idref="fl-6"/>
      </object_component>
      <object_component id="oc-266">
         <name>.debug_info</name>
         <load_address>0xaba3</load_address>
         <run_address>0xaba3</run_address>
         <size>0x125</size>
         <input_file_ref idref="fl-6"/>
      </object_component>
      <object_component id="oc-26b">
         <name>.debug_info</name>
         <load_address>0xacc8</load_address>
         <run_address>0xacc8</run_address>
         <size>0x158</size>
         <input_file_ref idref="fl-6"/>
      </object_component>
      <object_component id="oc-274">
         <name>.debug_info</name>
         <load_address>0xae20</load_address>
         <run_address>0xae20</run_address>
         <size>0x143</size>
         <input_file_ref idref="fl-7"/>
      </object_component>
      <object_component id="oc-27a">
         <name>.debug_info</name>
         <load_address>0xaf63</load_address>
         <run_address>0xaf63</run_address>
         <size>0x182</size>
         <input_file_ref idref="fl-7"/>
      </object_component>
      <object_component id="oc-27f">
         <name>.debug_info</name>
         <load_address>0xb0e5</load_address>
         <run_address>0xb0e5</run_address>
         <size>0x1ff</size>
         <input_file_ref idref="fl-7"/>
      </object_component>
      <object_component id="oc-28c">
         <name>.debug_info</name>
         <load_address>0xb2e4</load_address>
         <run_address>0xb2e4</run_address>
         <size>0x155</size>
         <input_file_ref idref="fl-6"/>
      </object_component>
      <object_component id="oc-291">
         <name>.debug_info</name>
         <load_address>0xb439</load_address>
         <run_address>0xb439</run_address>
         <size>0x16a</size>
         <input_file_ref idref="fl-6"/>
      </object_component>
      <object_component id="oc-29e">
         <name>.debug_info</name>
         <load_address>0xb5a3</load_address>
         <run_address>0xb5a3</run_address>
         <size>0x151</size>
         <input_file_ref idref="fl-6"/>
      </object_component>
      <object_component id="oc-2a6">
         <name>.debug_info</name>
         <load_address>0xb6f4</load_address>
         <run_address>0xb6f4</run_address>
         <size>0x2ac</size>
         <input_file_ref idref="fl-6"/>
      </object_component>
      <object_component id="oc-2b9">
         <name>.debug_info</name>
         <load_address>0xb9a0</load_address>
         <run_address>0xb9a0</run_address>
         <size>0x129</size>
         <input_file_ref idref="fl-6"/>
      </object_component>
      <object_component id="oc-2df">
         <name>.debug_info</name>
         <load_address>0xbac9</load_address>
         <run_address>0xbac9</run_address>
         <size>0xb5</size>
      </object_component>
      <object_component id="oc-12">
         <name>.debug_aranges</name>
         <load_address>0x0</load_address>
         <run_address>0x0</run_address>
         <size>0x20</size>
         <input_file_ref idref="fl-135"/>
      </object_component>
      <object_component id="oc-15">
         <name>.debug_aranges</name>
         <load_address>0x20</load_address>
         <run_address>0x20</run_address>
         <size>0x20</size>
         <input_file_ref idref="fl-136"/>
      </object_component>
      <object_component id="oc-1d">
         <name>.debug_aranges</name>
         <load_address>0x40</load_address>
         <run_address>0x40</run_address>
         <size>0x20</size>
         <input_file_ref idref="fl-138"/>
      </object_component>
      <object_component id="oc-22">
         <name>.debug_aranges</name>
         <load_address>0x60</load_address>
         <run_address>0x60</run_address>
         <size>0x20</size>
         <input_file_ref idref="fl-137"/>
      </object_component>
      <object_component id="oc-28">
         <name>.debug_aranges</name>
         <load_address>0x80</load_address>
         <run_address>0x80</run_address>
         <size>0x20</size>
         <input_file_ref idref="fl-4"/>
      </object_component>
      <object_component id="oc-2d">
         <name>.debug_aranges</name>
         <load_address>0xa0</load_address>
         <run_address>0xa0</run_address>
         <size>0x20</size>
         <input_file_ref idref="fl-4"/>
      </object_component>
      <object_component id="oc-32">
         <name>.debug_aranges</name>
         <load_address>0xc0</load_address>
         <run_address>0xc0</run_address>
         <size>0x20</size>
         <input_file_ref idref="fl-4"/>
      </object_component>
      <object_component id="oc-37">
         <name>.debug_aranges</name>
         <load_address>0xe0</load_address>
         <run_address>0xe0</run_address>
         <size>0x20</size>
         <input_file_ref idref="fl-4"/>
      </object_component>
      <object_component id="oc-3e">
         <name>.debug_aranges</name>
         <load_address>0x100</load_address>
         <run_address>0x100</run_address>
         <size>0x28</size>
         <input_file_ref idref="fl-141"/>
      </object_component>
      <object_component id="oc-43">
         <name>.debug_aranges</name>
         <load_address>0x128</load_address>
         <run_address>0x128</run_address>
         <size>0x20</size>
         <input_file_ref idref="fl-140"/>
      </object_component>
      <object_component id="oc-48">
         <name>.debug_aranges</name>
         <load_address>0x148</load_address>
         <run_address>0x148</run_address>
         <size>0x30</size>
         <input_file_ref idref="fl-139"/>
      </object_component>
      <object_component id="oc-4f">
         <name>.debug_aranges</name>
         <load_address>0x178</load_address>
         <run_address>0x178</run_address>
         <size>0x20</size>
         <input_file_ref idref="fl-13a"/>
      </object_component>
      <object_component id="oc-62">
         <name>.debug_aranges</name>
         <load_address>0x198</load_address>
         <run_address>0x198</run_address>
         <size>0x20</size>
         <input_file_ref idref="fl-137"/>
      </object_component>
      <object_component id="oc-7e">
         <name>.debug_aranges</name>
         <load_address>0x1b8</load_address>
         <run_address>0x1b8</run_address>
         <size>0x20</size>
         <input_file_ref idref="fl-142"/>
      </object_component>
      <object_component id="oc-84">
         <name>.debug_aranges</name>
         <load_address>0x1d8</load_address>
         <run_address>0x1d8</run_address>
         <size>0x20</size>
         <input_file_ref idref="fl-5"/>
      </object_component>
      <object_component id="oc-a7">
         <name>.debug_aranges</name>
         <load_address>0x1f8</load_address>
         <run_address>0x1f8</run_address>
         <size>0x20</size>
         <input_file_ref idref="fl-5"/>
      </object_component>
      <object_component id="oc-ac">
         <name>.debug_aranges</name>
         <load_address>0x218</load_address>
         <run_address>0x218</run_address>
         <size>0x20</size>
         <input_file_ref idref="fl-143"/>
      </object_component>
      <object_component id="oc-b1">
         <name>.debug_aranges</name>
         <load_address>0x238</load_address>
         <run_address>0x238</run_address>
         <size>0x20</size>
         <input_file_ref idref="fl-5"/>
      </object_component>
      <object_component id="oc-b6">
         <name>.debug_aranges</name>
         <load_address>0x258</load_address>
         <run_address>0x258</run_address>
         <size>0x20</size>
         <input_file_ref idref="fl-7"/>
      </object_component>
      <object_component id="oc-bb">
         <name>.debug_aranges</name>
         <load_address>0x278</load_address>
         <run_address>0x278</run_address>
         <size>0x20</size>
         <input_file_ref idref="fl-2"/>
      </object_component>
      <object_component id="oc-c0">
         <name>.debug_aranges</name>
         <load_address>0x298</load_address>
         <run_address>0x298</run_address>
         <size>0x20</size>
         <input_file_ref idref="fl-7"/>
      </object_component>
      <object_component id="oc-c5">
         <name>.debug_aranges</name>
         <load_address>0x2b8</load_address>
         <run_address>0x2b8</run_address>
         <size>0x20</size>
         <input_file_ref idref="fl-13d"/>
      </object_component>
      <object_component id="oc-ca">
         <name>.debug_aranges</name>
         <load_address>0x2d8</load_address>
         <run_address>0x2d8</run_address>
         <size>0x20</size>
         <input_file_ref idref="fl-7"/>
      </object_component>
      <object_component id="oc-cf">
         <name>.debug_aranges</name>
         <load_address>0x2f8</load_address>
         <run_address>0x2f8</run_address>
         <size>0x20</size>
         <input_file_ref idref="fl-7"/>
      </object_component>
      <object_component id="oc-d4">
         <name>.debug_aranges</name>
         <load_address>0x318</load_address>
         <run_address>0x318</run_address>
         <size>0x20</size>
         <input_file_ref idref="fl-5"/>
      </object_component>
      <object_component id="oc-ea">
         <name>.debug_aranges</name>
         <load_address>0x338</load_address>
         <run_address>0x338</run_address>
         <size>0x30</size>
         <input_file_ref idref="fl-13f"/>
      </object_component>
      <object_component id="oc-fe">
         <name>.debug_aranges</name>
         <load_address>0x368</load_address>
         <run_address>0x368</run_address>
         <size>0x20</size>
         <input_file_ref idref="fl-145"/>
      </object_component>
      <object_component id="oc-105">
         <name>.debug_aranges</name>
         <load_address>0x388</load_address>
         <run_address>0x388</run_address>
         <size>0x20</size>
         <input_file_ref idref="fl-144"/>
      </object_component>
      <object_component id="oc-10a">
         <name>.debug_aranges</name>
         <load_address>0x3a8</load_address>
         <run_address>0x3a8</run_address>
         <size>0x20</size>
         <input_file_ref idref="fl-2"/>
      </object_component>
      <object_component id="oc-11d">
         <name>.debug_aranges</name>
         <load_address>0x3c8</load_address>
         <run_address>0x3c8</run_address>
         <size>0x20</size>
         <input_file_ref idref="fl-2"/>
      </object_component>
      <object_component id="oc-129">
         <name>.debug_aranges</name>
         <load_address>0x3e8</load_address>
         <run_address>0x3e8</run_address>
         <size>0x20</size>
         <input_file_ref idref="fl-7"/>
      </object_component>
      <object_component id="oc-12e">
         <name>.debug_aranges</name>
         <load_address>0x408</load_address>
         <run_address>0x408</run_address>
         <size>0x20</size>
         <input_file_ref idref="fl-7"/>
      </object_component>
      <object_component id="oc-133">
         <name>.debug_aranges</name>
         <load_address>0x428</load_address>
         <run_address>0x428</run_address>
         <size>0x20</size>
         <input_file_ref idref="fl-7"/>
      </object_component>
      <object_component id="oc-138">
         <name>.debug_aranges</name>
         <load_address>0x448</load_address>
         <run_address>0x448</run_address>
         <size>0x20</size>
         <input_file_ref idref="fl-6"/>
      </object_component>
      <object_component id="oc-13d">
         <name>.debug_aranges</name>
         <load_address>0x468</load_address>
         <run_address>0x468</run_address>
         <size>0x20</size>
         <input_file_ref idref="fl-7"/>
      </object_component>
      <object_component id="oc-142">
         <name>.debug_aranges</name>
         <load_address>0x488</load_address>
         <run_address>0x488</run_address>
         <size>0x20</size>
         <input_file_ref idref="fl-7"/>
      </object_component>
      <object_component id="oc-147">
         <name>.debug_aranges</name>
         <load_address>0x4a8</load_address>
         <run_address>0x4a8</run_address>
         <size>0x20</size>
         <input_file_ref idref="fl-7"/>
      </object_component>
      <object_component id="oc-14c">
         <name>.debug_aranges</name>
         <load_address>0x4c8</load_address>
         <run_address>0x4c8</run_address>
         <size>0x20</size>
         <input_file_ref idref="fl-7"/>
      </object_component>
      <object_component id="oc-154">
         <name>.debug_aranges</name>
         <load_address>0x4e8</load_address>
         <run_address>0x4e8</run_address>
         <size>0x20</size>
         <input_file_ref idref="fl-7"/>
      </object_component>
      <object_component id="oc-159">
         <name>.debug_aranges</name>
         <load_address>0x508</load_address>
         <run_address>0x508</run_address>
         <size>0x20</size>
         <input_file_ref idref="fl-7"/>
      </object_component>
      <object_component id="oc-15e">
         <name>.debug_aranges</name>
         <load_address>0x528</load_address>
         <run_address>0x528</run_address>
         <size>0x20</size>
         <input_file_ref idref="fl-6"/>
      </object_component>
      <object_component id="oc-163">
         <name>.debug_aranges</name>
         <load_address>0x548</load_address>
         <run_address>0x548</run_address>
         <size>0x20</size>
         <input_file_ref idref="fl-7"/>
      </object_component>
      <object_component id="oc-168">
         <name>.debug_aranges</name>
         <load_address>0x568</load_address>
         <run_address>0x568</run_address>
         <size>0x20</size>
         <input_file_ref idref="fl-6"/>
      </object_component>
      <object_component id="oc-16d">
         <name>.debug_aranges</name>
         <load_address>0x588</load_address>
         <run_address>0x588</run_address>
         <size>0x20</size>
         <input_file_ref idref="fl-7"/>
      </object_component>
      <object_component id="oc-173">
         <name>.debug_aranges</name>
         <load_address>0x5a8</load_address>
         <run_address>0x5a8</run_address>
         <size>0x20</size>
         <input_file_ref idref="fl-7"/>
      </object_component>
      <object_component id="oc-179">
         <name>.debug_aranges</name>
         <load_address>0x5c8</load_address>
         <run_address>0x5c8</run_address>
         <size>0x20</size>
         <input_file_ref idref="fl-6"/>
      </object_component>
      <object_component id="oc-1c8">
         <name>.debug_aranges</name>
         <load_address>0x5e8</load_address>
         <run_address>0x5e8</run_address>
         <size>0x20</size>
         <input_file_ref idref="fl-2"/>
      </object_component>
      <object_component id="oc-1cb">
         <name>.debug_aranges</name>
         <load_address>0x608</load_address>
         <run_address>0x608</run_address>
         <size>0x28</size>
         <input_file_ref idref="fl-13e"/>
      </object_component>
      <object_component id="oc-1d4">
         <name>.debug_aranges</name>
         <load_address>0x630</load_address>
         <run_address>0x630</run_address>
         <size>0x20</size>
         <input_file_ref idref="fl-6"/>
      </object_component>
      <object_component id="oc-1d9">
         <name>.debug_aranges</name>
         <load_address>0x650</load_address>
         <run_address>0x650</run_address>
         <size>0x20</size>
         <input_file_ref idref="fl-6"/>
      </object_component>
      <object_component id="oc-1de">
         <name>.debug_aranges</name>
         <load_address>0x670</load_address>
         <run_address>0x670</run_address>
         <size>0x20</size>
         <input_file_ref idref="fl-7"/>
      </object_component>
      <object_component id="oc-1e6">
         <name>.debug_aranges</name>
         <load_address>0x690</load_address>
         <run_address>0x690</run_address>
         <size>0x20</size>
         <input_file_ref idref="fl-7"/>
      </object_component>
      <object_component id="oc-1eb">
         <name>.debug_aranges</name>
         <load_address>0x6b0</load_address>
         <run_address>0x6b0</run_address>
         <size>0x20</size>
         <input_file_ref idref="fl-7"/>
      </object_component>
      <object_component id="oc-1f0">
         <name>.debug_aranges</name>
         <load_address>0x6d0</load_address>
         <run_address>0x6d0</run_address>
         <size>0x20</size>
         <input_file_ref idref="fl-7"/>
      </object_component>
      <object_component id="oc-1f6">
         <name>.debug_aranges</name>
         <load_address>0x6f0</load_address>
         <run_address>0x6f0</run_address>
         <size>0x20</size>
         <input_file_ref idref="fl-7"/>
      </object_component>
      <object_component id="oc-1fb">
         <name>.debug_aranges</name>
         <load_address>0x710</load_address>
         <run_address>0x710</run_address>
         <size>0x20</size>
         <input_file_ref idref="fl-7"/>
      </object_component>
      <object_component id="oc-204">
         <name>.debug_aranges</name>
         <load_address>0x730</load_address>
         <run_address>0x730</run_address>
         <size>0x20</size>
         <input_file_ref idref="fl-7"/>
      </object_component>
      <object_component id="oc-209">
         <name>.debug_aranges</name>
         <load_address>0x750</load_address>
         <run_address>0x750</run_address>
         <size>0x20</size>
         <input_file_ref idref="fl-7"/>
      </object_component>
      <object_component id="oc-20f">
         <name>.debug_aranges</name>
[...]
            <object_component_ref idref="oc-289"/>
            <object_component_ref idref="oc-28a"/>
            <object_component_ref idref="oc-295"/>
            <object_component_ref idref="oc-296"/>
            <object_component_ref idref="oc-297"/>
            <object_component_ref idref="oc-298"/>
            <object_component_ref idref="oc-299"/>
            <object_component_ref idref="oc-29b"/>
            <object_component_ref idref="oc-2a3"/>
            <object_component_ref idref="oc-2a4"/>
            <object_component_ref idref="oc-2aa"/>
            <object_component_ref idref="oc-2ab"/>
            <object_component_ref idref="oc-2ad"/>
            <object_component_ref idref="oc-2ae"/>
            <object_component_ref idref="oc-2af"/>
            <object_component_ref idref="oc-2b0"/>
            <object_component_ref idref="oc-2b1"/>
            <object_component_ref idref="oc-2b2"/>
            <object_component_ref idref="oc-2b3"/>
            <object_component_ref idref="oc-2b5"/>
            <object_component_ref idref="oc-2b6"/>
            <object_component_ref idref="oc-2b7"/>
            <object_component_ref idref="oc-2bd"/>
            <object_component_ref idref="oc-2be"/>
            <object_component_ref idref="oc-2e0"/>
         </contents>
      </logical_group>
      <logical_group id="lg-2d5" display="never" color="cyan">
         <name>.debug_str</name>
         <load_address>0x0</load_address>
         <run_address>0x0</run_address>
         <size>0x1a6d</size>
         <contents>
            <object_component_ref idref="oc-54"/>
            <object_component_ref idref="oc-5b"/>
            <object_component_ref idref="oc-68"/>
            <object_component_ref idref="oc-73"/>
            <object_component_ref idref="oc-78"/>
            <object_component_ref idref="oc-93"/>
            <object_component_ref idref="oc-9a"/>
            <object_component_ref idref="oc-e4"/>
            <object_component_ref idref="oc-f7"/>
            <object_component_ref idref="oc-112"/>
            <object_component_ref idref="oc-117"/>
            <object_component_ref idref="oc-123"/>
            <object_component_ref idref="oc-180"/>
            <object_component_ref idref="oc-187"/>
            <object_component_ref idref="oc-18c"/>
            <object_component_ref idref="oc-191"/>
            <object_component_ref idref="oc-196"/>
            <object_component_ref idref="oc-19b"/>
            <object_component_ref idref="oc-1a0"/>
            <object_component_ref idref="oc-1a5"/>
            <object_component_ref idref="oc-1c2"/>
         </contents>
      </logical_group>
      <logical_group id="lg-2d7" display="never" color="cyan">
         <name>.debug_pubtypes</name>
         <load_address>0x0</load_address>
         <run_address>0x0</run_address>
         <size>0x99c</size>
         <contents>
            <object_component_ref idref="oc-55"/>
            <object_component_ref idref="oc-5c"/>
            <object_component_ref idref="oc-69"/>
            <object_component_ref idref="oc-74"/>
            <object_component_ref idref="oc-79"/>
            <object_component_ref idref="oc-94"/>
            <object_component_ref idref="oc-9b"/>
            <object_component_ref idref="oc-e5"/>
            <object_component_ref idref="oc-f8"/>
            <object_component_ref idref="oc-113"/>
            <object_component_ref idref="oc-118"/>
            <object_component_ref idref="oc-124"/>
            <object_component_ref idref="oc-181"/>
            <object_component_ref idref="oc-188"/>
            <object_component_ref idref="oc-18d"/>
            <object_component_ref idref="oc-192"/>
            <object_component_ref idref="oc-197"/>
            <object_component_ref idref="oc-19c"/>
            <object_component_ref idref="oc-1a1"/>
            <object_component_ref idref="oc-1a6"/>
            <object_component_ref idref="oc-1c3"/>
         </contents>
      </logical_group>
      <load_segment id="lg-2ea" display="no" color="cyan">
         <name>SEGMENT_0</name>
         <load_address>0x0</load_address>
         <run_address>0x0</run_address>
         <size>0x23b8</size>
         <flags>0x5</flags>
         <contents>
            <logical_group_ref idref="lg-3"/>
            <logical_group_ref idref="lg-4"/>
            <logical_group_ref idref="lg-5"/>
            <logical_group_ref idref="lg-6"/>
         </contents>
      </load_segment>
      <load_segment id="lg-2eb" display="no" color="cyan">
         <name>SEGMENT_1</name>
         <run_address>0x20000000</run_address>
         <size>0x17f0</size>
         <flags>0x6</flags>
         <contents>
            <logical_group_ref idref="lg-9"/>
            <logical_group_ref idref="lg-b"/>
            <logical_group_ref idref="lg-d"/>
            <logical_group_ref idref="lg-a"/>
         </contents>
      </load_segment>
   </logical_group_list>
   <placement_map>
      <memory_area display="yes" color="green">
         <name>FLASH</name>
         <page_id>0x0</page_id>
         <origin>0x0</origin>
         <length>0x40000</length>
         <used_space>0x23b6</used_space>
         <unused_space>0x3dc4a</unused_space>
         <attributes>RX</attributes>
         <usage_details>
            <allocated_space>
               <start_address>0x0</start_address>
               <size>0x26c</size>
               <logical_group_ref idref="lg-3"/>
            </allocated_space>
            <allocated_space>
               <start_address>0x26c</start_address>
               <size>0x2068</size>
               <logical_group_ref idref="lg-4"/>
            </allocated_space>
            <allocated_space>
               <start_address>0x22d4</start_address>
               <size>0x9a</size>
               <logical_group_ref idref="lg-5"/>
            </allocated_space>
            <available_space>
               <start_address>0x236e</start_address>
               <size>0x2</size>
            </available_space>
            <allocated_space>
               <start_address>0x2370</start_address>
               <size>0x48</size>
               <logical_group_ref idref="lg-6"/>
            </allocated_space>
            <available_space>
               <start_address>0x23b8</start_address>
               <size>0x3dc48</size>
            </available_space>
         </usage_details>
      </memory_area>
      <memory_area display="yes" color="green">
         <name>SRAM</name>
         <page_id>0x0</page_id>
         <origin>0x20000000</origin>
         <length>0x8000</length>
         <used_space>0x17ee</used_space>
         <unused_space>0x6812</unused_space>
         <attributes>RWX</attributes>
         <usage_details>
            <allocated_space>
               <start_address>0x20000000</start_address>
               <size>0x26c</size>
               <logical_group_ref idref="lg-9"/>
            </allocated_space>
            <allocated_space>
               <start_address>0x2000026c</start_address>
               <size>0x1466</size>
               <logical_group_ref idref="lg-b"/>
            </allocated_space>
            <available_space>
               <start_address>0x200016d2</start_address>
               <size>0x2</size>
            </available_space>
            <allocated_space>
               <start_address>0x200016d4</start_address>
               <size>0x100</size>
               <logical_group_ref idref="lg-d"/>
            </allocated_space>
            <allocated_space>
               <start_address>0x200017d4</start_address>
               <size>0x1c</size>
               <logical_group_ref idref="lg-a"/>
            </allocated_space>
            <available_space>
               <start_address>0x200017f0</start_address>
               <size>0x6810</size>
            </available_space>
         </usage_details>
      </memory_area>
   </placement_map>
   <cptbl_list>
      <cptbl>
         <name>__TI_cinit_table</name>
         <cprec>
            <name>.data</name>
            <load_address>0x2370</load_address>
            <load_size>0x13</load_size>
            <run_address>0x200017d4</run_address>
            <run_size>0x1c</run_size>
            <compression>rle</compression>
         </cprec>
         <cprec>
            <name>.bss</name>
            <load_address>0x2390</load_address>
            <load_size>0x8</load_size>
            <run_address>0x2000026c</run_address>
            <run_size>0x1466</run_size>
            <compression>zero_init</compression>
         </cprec>
         <cprec>
            <name>.vtable</name>
            <load_address>0x2398</load_address>
            <load_size>0x8</load_size>
            <run_address>0x20000000</run_address>
            <run_size>0x26c</run_size>
            <compression>zero_init</compression>
         </cprec>
      </cptbl>
   </cptbl_list>
   <handler_table>
      <handler_table_name>__TI_handler_table</handler_table_name>
      <handler>
         <index>0x0</index>
         <name>__TI_zero_init</name>
      </handler>
      <handler>
         <index>0x1</index>
         <name>__TI_decompress_rle24</name>
      </handler>
      <handler>
         <index>0x2</index>
         <name>__TI_decompress_none</name>
      </handler>
   </handler_table>
   <symbol_table>
      <symbol id="sm-1">
         <name>__STACK_TOP</name>
         <value>0x200017d4</value>
      </symbol>
      <symbol id="sm-2">
         <name>__TI_CINIT_Base</name>
         <value>0x23a0</value>
      </symbol>
      <symbol id="sm-3">
         <name>__TI_CINIT_Limit</name>
         <value>0x23b8</value>
      </symbol>
      <symbol id="sm-4">
         <name>__TI_Handler_Table_Base</name>
         <value>0x2384</value>
      </symbol>
      <symbol id="sm-5">
         <name>__TI_Handler_Table_Limit</name>
         <value>0x2390</value>
      </symbol>
      <symbol id="sm-6">
         <name>binit</name>
         <value>0xffffffff</value>
      </symbol>
      <symbol id="sm-7">
         <name>__binit__</name>
         <value>0xffffffff</value>
      </symbol>
      <symbol id="sm-8">
         <name>__STACK_SIZE</name>
         <value>0x100</value>
      </symbol>
      <symbol id="sm-9">
         <name>__STACK_END</name>
         <value>0x200017d4</value>
      </symbol>
      <symbol id="sm-a">
         <name>__c_args__</name>
         <value>0xffffffff</value>
      </symbol>
      <symbol id="sm-91">
         <name>UARTStdioConfig</name>
         <value>0x1ab9</value>
         <object_component_ref idref="oc-106"/>
      </symbol>
      <symbol id="sm-92">
         <name>UARTwrite</name>
         <value>0x1d71</value>
         <object_component_ref idref="oc-1c4"/>
      </symbol>
      <symbol id="sm-93">
         <name>UARTprintf</name>
         <value>0x2191</value>
         <object_component_ref idref="oc-b7"/>
      </symbol>
      <symbol id="sm-94">
         <name>UARTvprintf</name>
         <value>0x56d</value>
         <object_component_ref idref="oc-119"/>
      </symbol>
      <symbol id="sm-c6">
         <name>ResetISR</name>
         <value>0x22c9</value>
         <object_component_ref idref="oc-24"/>
      </symbol>
      <symbol id="sm-c7">
         <name>g_pfnVectors</name>
         <value>0x0</value>
         <object_component_ref idref="oc-e"/>
      </symbol>
      <symbol id="sm-13b">
         <name>rc</name>
         <value>0x200016d1</value>
      </symbol>
      <symbol id="sm-13c">
         <name>bw</name>
         <value>0x200016c8</value>
      </symbol>
      <symbol id="sm-13d">
         <name>buffer</name>
         <value>0x2000026c</value>
         <object_component_ref idref="oc-d9"/>
      </symbol>
      <symbol id="sm-13e">
         <name>_Z13test_functionv</name>
         <value>0x1cd5</value>
         <object_component_ref idref="oc-a3"/>
      </symbol>
      <symbol id="sm-13f">
         <name>fatfs</name>
         <value>0x2000126c</value>
         <object_component_ref idref="oc-d5"/>
      </symbol>
      <symbol id="sm-140">
         <name>_Z14SysTickHandlerv</name>
         <value>0x21ab</value>
         <object_component_ref idref="oc-d0"/>
      </symbol>
      <symbol id="sm-141">
         <name>main</name>
         <value>0x759</value>
         <object_component_ref idref="oc-80"/>
      </symbol>
      <symbol id="sm-142">
         <name>fil</name>
         <value>0x200014a0</value>
         <object_component_ref idref="oc-db"/>
      </symbol>
      <symbol id="sm-143">
         <name>_Z9uart_initv</name>
         <value>0x1929</value>
         <object_component_ref idref="oc-ad"/>
      </symbol>
      <symbol id="sm-285">
         <name>get_fattime</name>
         <value>0x22c1</value>
         <object_component_ref idref="oc-134"/>
      </symbol>
      <symbol id="sm-286">
         <name>disk_status</name>
         <value>0x2241</value>
         <object_component_ref idref="oc-1d0"/>
      </symbol>
      <symbol id="sm-287">
         <name>disk_timerproc</name>
         <value>0x2099</value>
         <object_component_ref idref="oc-175"/>
      </symbol>
      <symbol id="sm-288">
         <name>disk_read</name>
         <value>0x17a9</value>
         <object_component_ref idref="oc-164"/>
      </symbol>
      <symbol id="sm-289">
         <name>disk_initialize</name>
         <value>0xd29</value>
         <object_component_ref idref="oc-1d5"/>
      </symbol>
      <symbol id="sm-28a">
         <name>disk_ioctl</name>
         <value>0xa89</value>
         <object_component_ref idref="oc-2a5"/>
      </symbol>
      <symbol id="sm-28b">
         <name>disk_write</name>
         <value>0x148d</value>
         <object_component_ref idref="oc-15a"/>
      </symbol>
      <symbol id="sm-41b">
         <name>f_sync</name>
         <value>0x167d</value>
         <object_component_ref idref="oc-16f"/>
      </symbol>
      <symbol id="sm-41c">
         <name>clust2sect</name>
         <value>0x21c3</value>
         <object_component_ref idref="oc-15f"/>
      </symbol>
      <symbol id="sm-41d">
         <name>put_fat</name>
         <value>0x1165</value>
         <object_component_ref idref="oc-200"/>
      </symbol>
      <symbol id="sm-41e">
         <name>f_write</name>
         <value>0x8f9</value>
         <object_component_ref idref="oc-c6"/>
      </symbol>
      <symbol id="sm-41f">
         <name>f_close</name>
         <value>0x2251</value>
         <object_component_ref idref="oc-cb"/>
      </symbol>
      <symbol id="sm-420">
         <name>f_open</name>
         <value>0xbdd</value>
         <object_component_ref idref="oc-bc"/>
      </symbol>
      <symbol id="sm-421">
         <name>f_mount</name>
         <value>0x2049</value>
         <object_component_ref idref="oc-b2"/>
      </symbol>
      <symbol id="sm-422">
         <name>get_fat</name>
         <value>0x1241</value>
         <object_component_ref idref="oc-205"/>
      </symbol>
      <symbol id="sm-431">
         <name>_c_int00</name>
         <value>0x1e01</value>
         <object_component_ref idref="oc-10"/>
      </symbol>
      <symbol id="sm-432">
         <name>__stack</name>
         <value>0x200016d4</value>
         <object_component_ref idref="oc-23"/>
      </symbol>
      <symbol id="sm-448">
         <name>__TI_decompress_none</name>
         <value>0x2281</value>
         <object_component_ref idref="oc-14"/>
      </symbol>
      <symbol id="sm-46a">
         <name>__TI_decompress_rle24</name>
         <value>0x22cf</value>
         <object_component_ref idref="oc-1e"/>
      </symbol>
      <symbol id="sm-47d">
         <name>__TI_zero_init</name>
         <value>0x222f</value>
         <object_component_ref idref="oc-19"/>
      </symbol>
      <symbol id="sm-499">
         <name>C$$EXIT</name>
         <value>0x1e8d</value>
         <object_component_ref idref="oc-44"/>
      </symbol>
      <symbol id="sm-49a">
         <name>abort</name>
         <value>0x1e91</value>
         <object_component_ref idref="oc-44"/>
      </symbol>
      <symbol id="sm-49b">
         <name>exit</name>
         <value>0x1e99</value>
         <object_component_ref idref="oc-44"/>
      </symbol>
      <symbol id="sm-49c">
         <name>__TI_dtors_ptr</name>
         <value>0x200017e0</value>
         <object_component_ref idref="oc-89"/>
      </symbol>
      <symbol id="sm-49d">
         <name>__TI_cleanup_ptr</name>
         <value>0x200017dc</value>
         <object_component_ref idref="oc-89"/>
      </symbol>
      <symbol id="sm-4b7">
         <name>memcpy</name>
         <value>0x1549</value>
         <object_component_ref idref="oc-4c"/>
      </symbol>
      <symbol id="sm-4b8">
         <name>__aeabi_memcpy</name>
         <value>0x1549</value>
         <object_component_ref idref="oc-4c"/>
      </symbol>
      <symbol id="sm-4b9">
         <name>__aeabi_memcpy8</name>
         <value>0x1549</value>
         <object_component_ref idref="oc-4c"/>
      </symbol>
      <symbol id="sm-4ba">
         <name>__aeabi_memcpy4</name>
         <value>0x1549</value>
         <object_component_ref idref="oc-4c"/>
      </symbol>
      <symbol id="sm-4c1">
         <name>main_func_sp</name>
         <value>0x200017ec</value>
         <object_component_ref idref="oc-49"/>
      </symbol>
      <symbol id="sm-4cf">
         <name>strlen</name>
         <value>0x2209</value>
         <object_component_ref idref="oc-c1"/>
      </symbol>
      <symbol id="sm-4de">
         <name>__aeabi_uidivmod</name>
         <value>0x1ed1</value>
         <object_component_ref idref="oc-1c9"/>
      </symbol>
      <symbol id="sm-4f4">
         <name>_nop</name>
         <value>0x2203</value>
         <object_component_ref idref="oc-e6"/>
      </symbol>
      <symbol id="sm-4f5">
         <name>_lock</name>
         <value>0x200017d4</value>
         <object_component_ref idref="oc-87"/>
      </symbol>
      <symbol id="sm-4f6">
         <name>_unlock</name>
         <value>0x200017d8</value>
         <object_component_ref idref="oc-87"/>
      </symbol>
      <symbol id="sm-4f7">
         <name>_register_lock</name>
         <value>0x21fb</value>
         <object_component_ref idref="oc-e6"/>
      </symbol>
      <symbol id="sm-4f8">
         <name>_register_unlock</name>
         <value>0x21f5</value>
         <object_component_ref idref="oc-e6"/>
      </symbol>
      <symbol id="sm-50b">
         <name>_args_main</name>
         <value>0x21dd</value>
         <object_component_ref idref="oc-3f"/>
      </symbol>
      <symbol id="sm-527">
         <name>__TI_auto_init</name>
         <value>0x1715</value>
         <object_component_ref idref="oc-3b"/>
      </symbol>
      <symbol id="sm-53f">
         <name>copy_in</name>
         <value>0x1e49</value>
         <object_component_ref idref="oc-7a"/>
      </symbol>
      <symbol id="sm-54d">
         <name>SysTickIntRegister</name>
         <value>0x2159</value>
         <object_component_ref idref="oc-a8"/>
      </symbol>
      <symbol id="sm-56e">
         <name>SysCtlClockGet</name>
         <value>0x130d</value>
         <object_component_ref idref="oc-101"/>
      </symbol>
      <symbol id="sm-583">
         <name>IntRegister</name>
         <value>0x1f89</value>
         <object_component_ref idref="oc-fa"/>
      </symbol>
      <symbol id="sm-584">
         <name>g_pfnRAMVectors</name>
         <value>0x20000000</value>
         <object_component_ref idref="oc-1ae"/>
      </symbol>
      <symbol id="sm-586">
         <name>__TI_static_base__</name>
         <value>0x0</value>
      </symbol>
      <symbol id="sm-587">
         <name>__TI_args_main</name>
         <value>0x1</value>
      </symbol>
      <symbol id="sm-588">
         <name>SHT$$INIT_ARRAY$$Limit</name>
         <value>0x0</value>
      </symbol>
      <symbol id="sm-589">
         <name>SHT$$INIT_ARRAY$$Base</name>
         <value>0x0</value>
      </symbol>
   </symbol_table>
   <title>Link successful</title>
</link_info>
