******************************************************************************
                  TI ARM Linker PC v5.1.1                      
******************************************************************************
>> Linked Tue May 27 19:13:44 2014

OUTPUT FILE NAME:   <sd-card.out>
ENTRY POINT SYMBOL: "_c_int00"  address: 00002085


MEMORY CONFIGURATION

         name            origin    length      used     unused   attr    fill
----------------------  --------  ---------  --------  --------  ----  --------
  FLASH                 00000000   00040000  00002684  0003d97c  R  X
  SRAM                  20000000   00008000  000017ee  00006812  RW X


SEGMENT ALLOCATION MAP

run origin  load origin   length   init length attrs members
----------  ----------- ---------- ----------- ----- -------
00000000    00000000    00002688   00002688    r-x
  00000000    00000000    0000026c   0000026c    r-- .intvecs
  0000026c    0000026c    00002336   00002336    r-x .text
  000025a4    000025a4    0000009a   0000009a    r-- .const
  00002640    00002640    00000048   00000048    r-- .cinit
20000000    20000000    000017f0   00000000    rw-
  20000000    20000000    0000026c   00000000    rw- .vtable
  2000026c    2000026c    00001466   00000000    rw- .bss
  200016d4    200016d4    00000100   00000000    rw- .stack
  200017d4    200017d4    0000001c   00000000    rw- .data


SECTION ALLOCATION MAP

 output                                  attributes/
section   page    origin      length       input sections
--------  ----  ----------  ----------   ----------------
.intvecs   0    00000000    0000026c     
                  00000000    0000026c     startup_ccs.obj (.intvecs)

.init_array 
*          0    00000000    00000000     UNINITIALIZED

.text      0    0000026c    00002336     
                  0000026c    00000364     ff.obj (.text:chk_mounted)
                  000005d0    00000279     uartstdio.obj (.text:UARTvprintf)
                  00000849    00000001     --HOLE-- [fill = 0]
                  0000084a    00000002     startup_ccs.obj (.text:FaultISR)
                  0000084c    000001de     sd-card.obj (.text:main)
                  00000a2a    000001ae     ff.obj (.text:f_write)
                  00000bd8    00000184     ff.obj (.text:create_name)
                  00000d5c    0000017e     mmc-tm4c123g.obj (.text:disk_initialize)
                  00000eda    0000015e     mmc-tm4c123g.obj (.text:disk_ioctl)
                  00001038    00000156     ff.obj (.text:f_open)
                  0000118e    000000fc     ff.obj (.text:dir_next)
                  0000128a    000000f2     mmc-tm4c123g.obj (.text:power_on)
                  0000137c    000000f0     ff.obj (.text:put_fat)
                  0000146c    000000d6     ff.obj (.text:sync_fs)
                  00001542    000000cc     ff.obj (.text:get_fat)
                  0000160e    000000c6     mmc-tm4c123g.obj (.text:disk_write)
                  000016d4    000000c0     driverlib.lib : sysctl.obj (.text:SysCtlClockGet)
                  00001794    000000ac     ff.obj (.text:follow_path)
                  00001840    0000009e     ff.obj (.text:f_sync)
                  000018de    0000009c     rtsv7M4_T_le_v4SPD16_eabi.lib : memcpy_t2.obj (.text)
                  0000197a    00000098     mmc-tm4c123g.obj (.text:disk_read)
                  00001a12    00000094     ff.obj (.text:create_chain)
                  00001aa6    00000002     startup_ccs.obj (.text:IntDefaultHandler)
                  00001aa8    00000094     rtsv7M4_T_le_v4SPD16_eabi.lib : auto_init.obj (.text)
                  00001b3c    00000084     ff.obj (.text:dir_sdi)
                  00001bc0    00000074     ff.obj (.text:check_fs)
                  00001c34    00000068     uartstdio.obj (.text:UARTStdioConfig)
                  00001c9c    00000066     mmc-tm4c123g.obj (.text:send_initial_clock_train)
                  00001d02    00000066     mmc-tm4c123g.obj (.text:set_max_speed)
                  00001d68    00000064     ff.obj (.text:remove_chain)
                  00001dcc    00000062     sd-card.obj (.text:_Z9uart_initv)
                  00001e2e    00000062     mmc-tm4c123g.obj (.text:send_cmd)
                  00001e90    0000005e     rtsv7M4_T_le_v4SPD16_eabi.lib : copy_decompress_rle.obj (.text)
                  00001eee    0000005c     sd-card.obj (.text:_Z13test_functionv)
                  00001f4a    00000054     ff.obj (.text:sync_window)
                  00001f9e    00000052     mmc-tm4c123g.obj (.text:xmit_datablock)
                  00001ff0    0000004a     mmc-tm4c123g.obj (.text:rcvr_datablock)
                  0000203a    00000048     uartstdio.obj (.text:UARTwrite)
                  00002082    00000002     startup_ccs.obj (.text:NmiSR)
                  00002084    00000048     rtsv7M4_T_le_v4SPD16_eabi.lib : boot.obj (.text)
                  000020cc    00000044                                   : cpy_tbl.obj (.text)
                  00002110    00000044                                   : exit.obj (.text)
                  00002154    00000042                                   : u_divt2.obj (.text)
                  00002196    0000003e     ff.obj (.text:dir_alloc)
                  000021d4    00000038     ff.obj (.text:dir_register)
                  0000220c    00000034     driverlib.lib : interrupt.obj (.text:IntRegister)
                  00002240    00000032     ff.obj (.text:mem_cpy)
                  00002272    00000032     mmc-tm4c123g.obj (.text:rcvr_spi)
                  000022a4    00000032     mmc-tm4c123g.obj (.text:send_cmd12)
                  000022d6    0000002e     ff.obj (.text:move_window)
                  00002304    0000002e     mmc-tm4c123g.obj (.text:xmit_spi)
                  00002332    0000002c     ff.obj (.text:f_mount)
                  0000235e    00000028     ff.obj (.text:mem_set)
                  00002386    00000028     ff.obj (.text:validate)
                  000023ae    00000026     mmc-tm4c123g.obj (.text:disk_timerproc)
                  000023d4    00000022     mmc-tm4c123g.obj (.text:wait_ready)
                  000023f6    0000001e     ff.obj (.text:ld_clust)
                  00002414    0000001c     mmc-tm4c123g.obj (.text:DESELECT)
                  00002430    0000001c     mmc-tm4c123g.obj (.text:SELECT)
                  0000244c    0000001c     driverlib.lib : systick.obj (.text:SysTickIntRegister)
                  00002468    0000001c     ff.obj (.text:mem_cmp)
                  00002484    0000001a     uartstdio.obj (.text:UARTprintf)
                  0000249e    00000018     sd-card.obj (.text:_Z14SysTickHandlerv)
                  000024b6    00000018     ff.obj (.text:clust2sect)
                  000024ce    00000002     --HOLE-- [fill = 0]
                  000024d0    00000018     rtsv7M4_T_le_v4SPD16_eabi.lib : args_main.obj (.text)
                  000024e8    00000014     ff.obj (.text:chk_chr)
                  000024fc    00000014     mmc-tm4c123g.obj (.text:disk_status)
                  00002510    00000014     rtsv7M4_T_le_v4SPD16_eabi.lib : _lock.obj (.text)
                  00002524    00000012                                   : copy_zero_init.obj (.text:decompress:ZI)
                  00002536    00000012     ff.obj (.text:f_close)
                  00002548    00000010     ff.obj (.text:st_clust)
                  00002558    0000000e     rtsv7M4_T_le_v4SPD16_eabi.lib : copy_decompress_none.obj (.text:decompress:none)
                  00002566    0000000e     mmc-tm4c123g.obj (.text:power_off)
                  00002574    0000000c     mmc-tm4c123g.obj (.text:chk_power)
                  00002580    0000000c     mmc-tm4c123g.obj (.text:rcvr_spi_m)
                  0000258c    0000000a     mmc-tm4c123g.obj (.text:get_fattime)
                  00002596    00000006     startup_ccs.obj (.text:ResetISR)
                  0000259c    00000006     rtsv7M4_T_le_v4SPD16_eabi.lib : copy_decompress_rle.obj (.text:decompress:rle24)

.const     0    000025a4    0000009a     
                  000025a4    0000006c     driverlib.lib : sysctl.obj (.const:g_pui32Xtals)
                  00002610    0000001c     uartstdio.obj (.const)
                  0000262c    00000012     uartstdio.obj (.const:.string)

.cinit     0    00002640    00000048     
                  00002640    00000013     (.cinit..data.load) [load image, compression = rle]
                  00002653    00000001     --HOLE-- [fill = 0]
                  00002654    0000000c     (__TI_handler_table)
                  00002660    00000008     (.cinit..bss.load) [load image, compression = zero_init]
                  00002668    00000008     (.cinit..vtable.load) [load image, compression = zero_init]
                  00002670    00000018     (__TI_cinit_table)

.vtable    0    20000000    0000026c     UNINITIALIZED
                  20000000    0000026c     driverlib.lib : interrupt.obj (.vtable)

.bss       0    2000026c    00001466     UNINITIALIZED
                  2000026c    00001000     sd-card.obj (.bss:buffer)
                  2000126c    00000234     sd-card.obj (.bss:fatfs)
                  200014a0    00000224     sd-card.obj (.bss:fil)
                  200016c4    00000004     (.common:FatFs)
                  200016c8    00000004     (.common:bw)
                  200016cc    00000002     (.common:Fsid)
                  200016ce    00000001     (.common:CardType)
                  200016cf    00000001     (.common:Timer1)
                  200016d0    00000001     (.common:Timer2)
                  200016d1    00000001     (.common:rc)

.stack     0    200016d4    00000100     UNINITIALIZED
                  200016d4    00000100     --HOLE--

.data      0    200017d4    0000001c     UNINITIALIZED
                  200017d4    00000008     rtsv7M4_T_le_v4SPD16_eabi.lib : _lock.obj (.data)
                  200017dc    00000008                                   : exit.obj (.data)
                  200017e4    00000005     uartstdio.obj (.data)
                  200017e9    00000002     mmc-tm4c123g.obj (.data)
                  200017eb    00000001     --HOLE--
                  200017ec    00000004     rtsv7M4_T_le_v4SPD16_eabi.lib : stkdepth_vars.obj (.data)


LINKER GENERATED COPY TABLES

__TI_cinit_table @ 00002670 records: 3, size/record: 8, table size: 24
	.data: load addr=00002640, load size=00000013 bytes, run addr=200017d4, run size=0000001c bytes, compression=rle
	.bss: load addr=00002660, load size=00000008 bytes, run addr=2000026c, run size=00001466 bytes, compression=zero_init
	.vtable: load addr=00002668, load size=00000008 bytes, run addr=20000000, run size=0000026c bytes, compression=zero_init


LINKER GENERATED HANDLER TABLE

__TI_handler_table @ 00002654 records: 3, size/record: 4, table size: 12
	index: 0, handler: __TI_zero_init
	index: 1, handler: __TI_decompress_rle24
	index: 2, handler: __TI_decompress_none


GLOBAL SYMBOLS: SORTED ALPHABETICALLY BY Name 

address    name
--------   ----
00002111   C$$EXIT
0000220d   IntRegister
00002597   ResetISR
UNDEFED    SHT$$INIT_ARRAY$$Base
UNDEFED    SHT$$INIT_ARRAY$$Limit
000016d5   SysCtlClockGet
0000244d   SysTickIntRegister
00001c35   UARTStdioConfig
00002485   UARTprintf
000005d1   UARTvprintf
0000203b   UARTwrite
00001eef   _Z13test_functionv
0000249f   _Z14SysTickHandlerv
00001dcd   _Z9uart_initv
200017d4   __STACK_END
00000100   __STACK_SIZE
200017d4   __STACK_TOP
00002670   __TI_CINIT_Base
00002688   __TI_CINIT_Limit
00002654   __TI_Handler_Table_Base
00002660   __TI_Handler_Table_Limit
00000001   __TI_args_main
00001aa9   __TI_auto_init
200017dc   __TI_cleanup_ptr
00002559   __TI_decompress_none
0000259d   __TI_decompress_rle24
200017e0   __TI_dtors_ptr
00000000   __TI_static_base__
00002525   __TI_zero_init
000018df   __aeabi_memcpy
000018df   __aeabi_memcpy4
000018df   __aeabi_memcpy8
00002155   __aeabi_uidivmod
ffffffff   __binit__
ffffffff   __c_args__
200016d4   __stack
000024d1   _args_main
00002085   _c_int00
200017d4   _lock
0000251f   _nop
00002517   _register_lock
00002511   _register_unlock
200017d8   _unlock
00002115   abort
ffffffff   binit
2000026c   buffer
200016c8   bw
000024b7   clust2sect
000020cd   copy_in
00000d5d   disk_initialize
00000edb   disk_ioctl
0000197b   disk_read
000024fd   disk_status
000023af   disk_timerproc
0000160f   disk_write
0000211d   exit
00002537   f_close
00002333   f_mount
00001039   f_open
00001841   f_sync
00000a2b   f_write
2000126c   fatfs
200014a0   fil
20000000   g_pfnRAMVectors
00000000   g_pfnVectors
00001543   get_fat
0000258d   get_fattime
0000084d   main
200017ec   main_func_sp
000018df   memcpy
0000137d   put_fat
200016d1   rc


GLOBAL SYMBOLS: SORTED BY Symbol Address 

address    name
--------   ----
00000000   __TI_static_base__
00000000   g_pfnVectors
00000001   __TI_args_main
00000100   __STACK_SIZE
000005d1   UARTvprintf
0000084d   main
00000a2b   f_write
00000d5d   disk_initialize
00000edb   disk_ioctl
00001039   f_open
0000137d   put_fat
00001543   get_fat
0000160f   disk_write
000016d5   SysCtlClockGet
00001841   f_sync
000018df   __aeabi_memcpy
000018df   __aeabi_memcpy4
000018df   __aeabi_memcpy8
000018df   memcpy
0000197b   disk_read
00001aa9   __TI_auto_init
00001c35   UARTStdioConfig
00001dcd   _Z9uart_initv
00001eef   _Z13test_functionv
0000203b   UARTwrite
00002085   _c_int00
000020cd   copy_in
00002111   C$$EXIT
00002115   abort
0000211d   exit
00002155   __aeabi_uidivmod
0000220d   IntRegister
00002333   f_mount
000023af   disk_timerproc
0000244d   SysTickIntRegister
00002485   UARTprintf
0000249f   _Z14SysTickHandlerv
000024b7   clust2sect
000024d1   _args_main
000024fd   disk_status
00002511   _register_unlock
00002517   _register_lock
0000251f   _nop
00002525   __TI_zero_init
00002537   f_close
00002559   __TI_decompress_none
0000258d   get_fattime
00002597   ResetISR
0000259d   __TI_decompress_rle24
00002654   __TI_Handler_Table_Base
00002660   __TI_Handler_Table_Limit
00002670   __TI_CINIT_Base
00002688   __TI_CINIT_Limit
20000000   g_pfnRAMVectors
2000026c   buffer
2000126c   fatfs
200014a0   fil
200016c8   bw
200016d1   rc
200016d4   __stack
200017d4   __STACK_END
200017d4   __STACK_TOP
200017d4   _lock
200017d8   _unlock
200017dc   __TI_cleanup_ptr
200017e0   __TI_dtors_ptr
200017ec   main_func_sp
ffffffff   __binit__
ffffffff   __c_args__
ffffffff   binit
UNDEFED    SHT$$INIT_ARRAY$$Base
UNDEFED    SHT$$INIT_ARRAY$$Limit

[72 symbols]
